Component: ARM Compiler 5.06 update 6 (build 750) Tool: armlink [4d35ed]

==============================================================================

Section Cross References

    startup_stm32f407xx.o(STACK) refers (Special) to heapauxi.o(.text) for __use_two_region_memory
    startup_stm32f407xx.o(HEAP) refers (Special) to heapauxi.o(.text) for __use_two_region_memory
    startup_stm32f407xx.o(RESET) refers (Special) to heapauxi.o(.text) for __use_two_region_memory
    startup_stm32f407xx.o(RESET) refers to startup_stm32f407xx.o(STACK) for __initial_sp
    startup_stm32f407xx.o(RESET) refers to startup_stm32f407xx.o(.text) for Reset_Handler
    startup_stm32f407xx.o(RESET) refers to stm32f4xx_it.o(i.NMI_Handler) for NMI_Handler
    startup_stm32f407xx.o(RESET) refers to stm32f4xx_it.o(i.HardFault_Handler) for HardFault_Handler
    startup_stm32f407xx.o(RESET) refers to stm32f4xx_it.o(i.MemManage_Handler) for MemManage_Handler
    startup_stm32f407xx.o(RESET) refers to stm32f4xx_it.o(i.BusFault_Handler) for BusFault_Handler
    startup_stm32f407xx.o(RESET) refers to stm32f4xx_it.o(i.UsageFault_Handler) for UsageFault_Handler
    startup_stm32f407xx.o(RESET) refers to port.o(.emb_text) for SVC_Handler
    startup_stm32f407xx.o(RESET) refers to stm32f4xx_it.o(i.DebugMon_Handler) for DebugMon_Handler
    startup_stm32f407xx.o(RESET) refers to stm32f4xx_it.o(i.SysTick_Handler) for SysTick_Handler
    startup_stm32f407xx.o(RESET) refers to stm32f4xx_it.o(i.EXTI0_IRQHandler) for EXTI0_IRQHandler
    startup_stm32f407xx.o(RESET) refers to stm32f4xx_it.o(i.EXTI3_IRQHandler) for EXTI3_IRQHandler
    startup_stm32f407xx.o(RESET) refers to stm32f4xx_it.o(i.EXTI4_IRQHandler) for EXTI4_IRQHandler
    startup_stm32f407xx.o(RESET) refers to stm32f4xx_it.o(i.CAN1_RX0_IRQHandler) for CAN1_RX0_IRQHandler
    startup_stm32f407xx.o(RESET) refers to stm32f4xx_it.o(i.EXTI9_5_IRQHandler) for EXTI9_5_IRQHandler
    startup_stm32f407xx.o(RESET) refers to stm32f4xx_it.o(i.USART1_IRQHandler) for USART1_IRQHandler
    startup_stm32f407xx.o(RESET) refers to remote_control.o(i.USART3_IRQHandler) for USART3_IRQHandler
    startup_stm32f407xx.o(RESET) refers to bsp_i2c.o(i.DMA1_Stream7_IRQHandler) for DMA1_Stream7_IRQHandler
    startup_stm32f407xx.o(RESET) refers to stm32f4xx_it.o(i.DMA2_Stream1_IRQHandler) for DMA2_Stream1_IRQHandler
    startup_stm32f407xx.o(RESET) refers to ins_task.o(i.DMA2_Stream2_IRQHandler) for DMA2_Stream2_IRQHandler
    startup_stm32f407xx.o(RESET) refers to stm32f4xx_it.o(i.CAN2_RX0_IRQHandler) for CAN2_RX0_IRQHandler
    startup_stm32f407xx.o(RESET) refers to stm32f4xx_it.o(i.DMA2_Stream5_IRQHandler) for DMA2_Stream5_IRQHandler
    startup_stm32f407xx.o(RESET) refers to stm32f4xx_it.o(i.DMA2_Stream6_IRQHandler) for DMA2_Stream6_IRQHandler
    startup_stm32f407xx.o(RESET) refers to stm32f4xx_it.o(i.DMA2_Stream7_IRQHandler) for DMA2_Stream7_IRQHandler
    startup_stm32f407xx.o(RESET) refers to referee_task.o(i.USART6_IRQHandler) for USART6_IRQHandler
    startup_stm32f407xx.o(.text) refers (Special) to heapauxi.o(.text) for __use_two_region_memory
    startup_stm32f407xx.o(.text) refers to system_stm32f4xx.o(i.SystemInit) for SystemInit
    startup_stm32f407xx.o(.text) refers to __main.o(!!!main) for __main
    startup_stm32f407xx.o(.text) refers to startup_stm32f407xx.o(HEAP) for Heap_Mem
    startup_stm32f407xx.o(.text) refers to startup_stm32f407xx.o(STACK) for Stack_Mem
    main.o(i.SystemClock_Config) refers to rt_memclr_w.o(.text) for __aeabi_memclr4
    main.o(i.SystemClock_Config) refers to stm32f4xx_hal_rcc.o(i.HAL_RCC_OscConfig) for HAL_RCC_OscConfig
    main.o(i.SystemClock_Config) refers to main.o(i.Error_Handler) for Error_Handler
    main.o(i.SystemClock_Config) refers to stm32f4xx_hal_rcc.o(i.HAL_RCC_ClockConfig) for HAL_RCC_ClockConfig
    main.o(i.main) refers to stm32f4xx_hal.o(i.HAL_Init) for HAL_Init
    main.o(i.main) refers to main.o(i.SystemClock_Config) for SystemClock_Config
    main.o(i.main) refers to gpio.o(i.MX_GPIO_Init) for MX_GPIO_Init
    main.o(i.main) refers to dma.o(i.MX_DMA_Init) for MX_DMA_Init
    main.o(i.main) refers to adc.o(i.MX_ADC1_Init) for MX_ADC1_Init
    main.o(i.main) refers to adc.o(i.MX_ADC3_Init) for MX_ADC3_Init
    main.o(i.main) refers to can.o(i.MX_CAN1_Init) for MX_CAN1_Init
    main.o(i.main) refers to can.o(i.MX_CAN2_Init) for MX_CAN2_Init
    main.o(i.main) refers to i2c.o(i.MX_I2C1_Init) for MX_I2C1_Init
    main.o(i.main) refers to spi.o(i.MX_SPI1_Init) for MX_SPI1_Init
    main.o(i.main) refers to tim.o(i.MX_TIM4_Init) for MX_TIM4_Init
    main.o(i.main) refers to tim.o(i.MX_TIM5_Init) for MX_TIM5_Init
    main.o(i.main) refers to usart.o(i.MX_USART3_UART_Init) for MX_USART3_UART_Init
    main.o(i.main) refers to tim.o(i.MX_TIM8_Init) for MX_TIM8_Init
    main.o(i.main) refers to crc.o(i.MX_CRC_Init) for MX_CRC_Init
    main.o(i.main) refers to rng.o(i.MX_RNG_Init) for MX_RNG_Init
[...]
    MX_RTC_Init                              0x08004ff9   Thumb Code    44  rtc.o(i.MX_RTC_Init)
    MX_SPI1_Init                             0x0800502d   Thumb Code    62  spi.o(i.MX_SPI1_Init)
    MX_SPI2_Init                             0x08005075   Thumb Code    62  spi.o(i.MX_SPI2_Init)
    MX_TIM10_Init                            0x080050bd   Thumb Code   100  tim.o(i.MX_TIM10_Init)
    MX_TIM1_Init                             0x08005129   Thumb Code   258  tim.o(i.MX_TIM1_Init)
    MX_TIM3_Init                             0x08005235   Thumb Code   154  tim.o(i.MX_TIM3_Init)
    MX_TIM4_Init                             0x080052d9   Thumb Code   154  tim.o(i.MX_TIM4_Init)
    MX_TIM5_Init                             0x0800537d   Thumb Code   186  tim.o(i.MX_TIM5_Init)
    MX_TIM8_Init                             0x08005441   Thumb Code   226  tim.o(i.MX_TIM8_Init)
    MX_USART1_UART_Init                      0x0800552d   Thumb Code    46  usart.o(i.MX_USART1_UART_Init)
    MX_USART3_UART_Init                      0x08005565   Thumb Code    48  usart.o(i.MX_USART3_UART_Init)
    MX_USART6_UART_Init                      0x080055a1   Thumb Code    46  usart.o(i.MX_USART6_UART_Init)
    MahonyAHRSupdateIMU                      0x080055d9   Thumb Code   742  ins_task.o(i.MahonyAHRSupdateIMU)
    MemManage_Handler                        0x080058e1   Thumb Code     4  stm32f4xx_it.o(i.MemManage_Handler)
    NMI_Handler                              0x080058e5   Thumb Code     4  stm32f4xx_it.o(i.NMI_Handler)
    PID_calc                                 0x080058e9   Thumb Code   492  pid.o(i.PID_calc)
    PID_calc_swing_wz                        0x08005ad9   Thumb Code   524  pid.o(i.PID_calc_swing_wz)
    PID_clear                                0x08005cf1   Thumb Code    72  pid.o(i.PID_clear)
    PID_init                                 0x08005d3d   Thumb Code    92  pid.o(i.PID_init)
    RC_Init                                  0x08005d9d   Thumb Code   142  bsp_rc.o(i.RC_Init)
    RTC_EnterInitMode                        0x08005e39   Thumb Code    62  stm32f4xx_hal_rtc.o(i.RTC_EnterInitMode)
    SPI1_DMA_enable                          0x08005e79   Thumb Code   312  bsp_spi.o(i.SPI1_DMA_enable)
    SPI1_DMA_init                            0x08005fc1   Thumb Code   360  bsp_spi.o(i.SPI1_DMA_init)
    SysTick_Handler                          0x08006211   Thumb Code    20  stm32f4xx_it.o(i.SysTick_Handler)
    SystemClock_Config                       0x08006225   Thumb Code   170  main.o(i.SystemClock_Config)
    SystemInit                               0x080062d9   Thumb Code    82  system_stm32f4xx.o(i.SystemInit)
    TIM_Base_SetConfig                       0x0800633d   Thumb Code   170  stm32f4xx_hal_tim.o(i.TIM_Base_SetConfig)
    TIM_ETR_SetConfig                        0x08006415   Thumb Code    22  stm32f4xx_hal_tim.o(i.TIM_ETR_SetConfig)
    TIM_OC2_SetConfig                        0x080064ad   Thumb Code   114  stm32f4xx_hal_tim.o(i.TIM_OC2_SetConfig)
    USART1_IRQHandler                        0x08006b0d   Thumb Code    10  stm32f4xx_it.o(i.USART1_IRQHandler)
    USART3_IRQHandler                        0x08006b1d   Thumb Code   264  remote_control.o(i.USART3_IRQHandler)
    USART6_IRQHandler                        0x08006c41   Thumb Code   266  referee_task.o(i.USART6_IRQHandler)
    UsageFault_Handler                       0x08006d65   Thumb Code     4  stm32f4xx_it.o(i.UsageFault_Handler)
    __ARM_fpclassifyf                        0x08006d69   Thumb Code    38  fpclassifyf.o(i.__ARM_fpclassifyf)
    __hardfp_asinf                           0x08006dd1   Thumb Code   258  asinf.o(i.__hardfp_asinf)
    __hardfp_atan2f                          0x08006efd   Thumb Code   502  atan2f.o(i.__hardfp_atan2f)
    __hardfp_fabs                            0x0800714d   Thumb Code    20  fabs.o(i.__hardfp_fabs)
    __mathlib_flt_infnan                     0x08007161   Thumb Code     6  funder.o(i.__mathlib_flt_infnan)
    __mathlib_flt_infnan2                    0x08007167   Thumb Code     6  funder.o(i.__mathlib_flt_infnan2)
    __mathlib_flt_invalid                    0x0800716d   Thumb Code    10  funder.o(i.__mathlib_flt_invalid)
    __mathlib_flt_underflow                  0x0800717d   Thumb Code    10  funder.o(i.__mathlib_flt_underflow)
    abs_limit                                0x08007193   Thumb Code    48  user_lib.o(i.abs_limit)
    bmi088_accel_init                        0x080071c5   Thumb Code   302  bmi088driver.o(i.bmi088_accel_init)
    bmi088_accel_self_test                   0x080072f9   Thumb Code   768  bmi088driver.o(i.bmi088_accel_self_test)
    bmi088_gyro_init                         0x08007601   Thumb Code   238  bmi088driver.o(i.bmi088_gyro_init)
    bmi088_gyro_self_test                    0x080076f5   Thumb Code   208  bmi088driver.o(i.bmi088_gyro_self_test)
    can_filter_init                          0x080077c5   Thumb Code    84  bsp_can.o(i.can_filter_init)
    chassis_rc_to_control_vector             0x08007c69   Thumb Code   510  chassis_task.o(i.chassis_rc_to_control_vector)
    chassis_task                             0x08008129   Thumb Code    68  chassis_task.o(i.chassis_task)
    clear_usart6_tx_dma_busy_sign            0x080081c5   Thumb Code     8  bsp_usart.o(i.clear_usart6_tx_dma_busy_sign)
    delay_init                               0x080081d1   Thumb Code    32  bsp_delay.o(i.delay_init)
    delay_us                                 0x08008201   Thumb Code    76  bsp_delay.o(i.delay_us)
    fifo_s_get                               0x08008251   Thumb Code    58  fifo.o(i.fifo_s_get)
    fifo_s_init                              0x0800828b   Thumb Code    22  fifo.o(i.fifo_s_init)
    fifo_s_puts                              0x080082a1   Thumb Code   160  fifo.o(i.fifo_s_puts)
    fifo_s_used                              0x08008341   Thumb Code     6  fifo.o(i.fifo_s_used)
    first_order_filter_cali                  0x08008347   Thumb Code    84  user_lib.o(i.first_order_filter_cali)
    first_order_filter_init                  0x0800839d   Thumb Code    32  user_lib.o(i.first_order_filter_init)
    fp32_constrain                           0x080083c1   Thumb Code    42  user_lib.o(i.fp32_constrain)
    get_CRC16_check_sum                      0x080083ed   Thumb Code    46  crc_crc16.o(i.get_CRC16_check_sum)
    get_CRC8_check_sum                       0x08008421   Thumb Code    30  crc_crc16.o(i.get_CRC8_check_sum)
    get_INS_angle_point                      0x08008445   Thumb Code     4  ins_task.o(i.get_INS_angle_point)
    get_angle                                0x0800844d   Thumb Code   220  ins_task.o(i.get_angle)
    get_chassis_motor_measure_point          0x08008529   Thumb Code    18  can_receive.o(i.get_chassis_motor_measure_point)
    get_fric_motor_measure_point             0x08008541   Thumb Code    16  can_receive.o(i.get_fric_motor_measure_point)
    get_gyro_data_point                      0x08008555   Thumb Code     4  ins_task.o(i.get_gyro_data_point)
    get_pitch_gimbal_motor_measure_point     0x0800855d   Thumb Code     4  can_receive.o(i.get_pitch_gimbal_motor_measure_point)
    get_pitch_motor_point                    0x08008565   Thumb Code     4  gimbal_task.o(i.get_pitch_motor_point)
    get_remote_control_point                 0x0800856d   Thumb Code     4  remote_control.o(i.get_remote_control_point)
    get_trigger_motor_given_current          0x08008575   Thumb Code     8  shoot.o(i.get_trigger_motor_given_current)
    get_trigger_motor_measure_point          0x08008581   Thumb Code     4  can_receive.o(i.get_trigger_motor_measure_point)
    get_yaw_gimbal_motor_measure_point       0x08008589   Thumb Code     4  can_receive.o(i.get_yaw_gimbal_motor_measure_point)
    get_yaw_motor_point                      0x08008591   Thumb Code     4  gimbal_task.o(i.get_yaw_motor_point)
    gimbal_task                              0x08008b31   Thumb Code    88  gimbal_task.o(i.gimbal_task)
    imu_pwm_set                              0x08008e0d   Thumb Code     8  bsp_imu_pwm.o(i.imu_pwm_set)
    init_referee_struct_data                 0x08008ebd   Thumb Code   112  referee.o(i.init_referee_struct_data)
    invSqrt                                  0x08008f75   Thumb Code    56  user_lib.o(i.invSqrt)
    loop_fp32_constrain                      0x08008fb1   Thumb Code    96  user_lib.o(i.loop_fp32_constrain)
    main                                     0x08009011   Thumb Code   124  main.o(i.main)
    my_abs                                   0x080090d1   Thumb Code    26  shoot.o(i.my_abs)
    osDelay                                  0x080090eb   Thumb Code    24  cmsis_os.o(i.osDelay)
    osKernelStart                            0x08009103   Thumb Code    10  cmsis_os.o(i.osKernelStart)
    osThreadCreate                           0x0800910d   Thumb Code    94  cmsis_os.o(i.osThreadCreate)
    pcTaskGetName                            0x0800916d   Thumb Code    44  tasks.o(i.pcTaskGetName)
    pvPortMalloc                             0x08009c2d   Thumb Code   296  heap_4.o(i.pvPortMalloc)
    pxPortInitialiseStack                    0x08009d69   Thumb Code    38  port.o(i.pxPortInitialiseStack)
    ramp_init                                0x08009d95   Thumb Code    40  user_lib.o(i.ramp_init)
    referee_data_solve                       0x08009dc1   Thumb Code   316  referee.o(i.referee_data_solve)
    referee_usart_task                       0x0800a08d   Thumb Code    44  referee_task.o(i.referee_usart_task)
    remote_control_init                      0x0800a0c5   Thumb Code    16  remote_control.o(i.remote_control_init)
    shoot_task                               0x0800a991   Thumb Code    56  shoot.o(i.shoot_task)
    sqrtf                                    0x0800a9cd   Thumb Code    62  sqrtf_full.o(i.sqrtf)
    test_task                                0x0800aa0b   Thumb Code    10  freertos.o(i.test_task)
    ulTaskNotifyTake                         0x0800aac5   Thumb Code   108  tasks.o(i.ulTaskNotifyTake)
    usart6_init                              0x0800ab39   Thumb Code   286  bsp_usart.o(i.usart6_init)
    uxListRemove                             0x0800ac71   Thumb Code    40  list.o(i.uxListRemove)
    vApplicationGetIdleTaskMemory            0x0800ac99   Thumb Code    14  freertos.o(i.vApplicationGetIdleTaskMemory)
    vApplicationGetTimerTaskMemory           0x0800acb1   Thumb Code    16  freertos.o(i.vApplicationGetTimerTaskMemory)
    vListInitialise                          0x0800acc9   Thumb Code    26  list.o(i.vListInitialise)
    vListInitialiseItem                      0x0800ace3   Thumb Code     6  list.o(i.vListInitialiseItem)
    vListInsert                              0x0800ace9   Thumb Code    52  list.o(i.vListInsert)
    vListInsertEnd                           0x0800ad1d   Thumb Code    24  list.o(i.vListInsertEnd)
    vPortEnterCritical                       0x0800ad35   Thumb Code    76  port.o(i.vPortEnterCritical)
    vPortExitCritical                        0x0800ad89   Thumb Code    56  port.o(i.vPortExitCritical)
    vPortFree                                0x0800adc5   Thumb Code   140  heap_4.o(i.vPortFree)
    vPortSetupTimerInterrupt                 0x0800ae59   Thumb Code    36  port.o(i.vPortSetupTimerInterrupt)
    vPortValidateInterruptPriority           0x0800ae81   Thumb Code   106  port.o(i.vPortValidateInterruptPriority)
    vQueueAddToRegistry                      0x0800aef9   Thumb Code    38  queue.o(i.vQueueAddToRegistry)
    vQueueWaitForMessageRestricted           0x0800af25   Thumb Code    74  queue.o(i.vQueueWaitForMessageRestricted)
    vTaskDelay                               0x0800af71   Thumb Code    82  tasks.o(i.vTaskDelay)
    vTaskInternalSetTimeOutState             0x0800afcd   Thumb Code    14  tasks.o(i.vTaskInternalSetTimeOutState)
    vTaskMissedYield                         0x0800afe5   Thumb Code     8  tasks.o(i.vTaskMissedYield)
    vTaskNotifyGiveFromISR                   0x0800aff1   Thumb Code   216  tasks.o(i.vTaskNotifyGiveFromISR)
    vTaskPlaceOnEventList                    0x0800b0e1   Thumb Code    52  tasks.o(i.vTaskPlaceOnEventList)
    vTaskPlaceOnEventListRestricted          0x0800b119   Thumb Code    60  tasks.o(i.vTaskPlaceOnEventListRestricted)
    vTaskStartScheduler                      0x0800b159   Thumb Code   156  tasks.o(i.vTaskStartScheduler)
    vTaskSuspendAll                          0x0800b211   Thumb Code    12  tasks.o(i.vTaskSuspendAll)
    vTaskSwitchContext                       0x0800b221   Thumb Code   118  tasks.o(i.vTaskSwitchContext)
    verify_CRC16_check_sum                   0x0800b2ad   Thumb Code    60  crc_crc16.o(i.verify_CRC16_check_sum)
    verify_CRC8_check_sum                    0x0800b2ed   Thumb Code    46  crc_crc16.o(i.verify_CRC8_check_sum)
    xPortStartScheduler                      0x0800b31d   Thumb Code   330  port.o(i.xPortStartScheduler)
    xPortSysTickHandler                      0x0800b485   Thumb Code    46  port.o(i.xPortSysTickHandler)
    xQueueGenericCreateStatic                0x0800b4b9   Thumb Code   222  queue.o(i.xQueueGenericCreateStatic)
    xQueueGenericReset                       0x0800b599   Thumb Code   146  queue.o(i.xQueueGenericReset)
    xQueueGenericSend                        0x0800b631   Thumb Code   420  queue.o(i.xQueueGenericSend)
    xQueueGenericSendFromISR                 0x0800b7d9   Thumb Code   248  queue.o(i.xQueueGenericSendFromISR)
    xQueueReceive                            0x0800b8d1   Thumb Code   356  queue.o(i.xQueueReceive)
    xTaskCheckForTimeOut                     0x0800ba39   Thumb Code   156  tasks.o(i.xTaskCheckForTimeOut)
    xTaskCreate                              0x0800bae1   Thumb Code   100  tasks.o(i.xTaskCreate)
    xTaskCreateStatic                        0x0800bb45   Thumb Code   184  tasks.o(i.xTaskCreateStatic)
    xTaskGetHandle                           0x0800bbfd   Thumb Code   142  tasks.o(i.xTaskGetHandle)
    xTaskGetSchedulerState                   0x0800bca1   Thumb Code    24  tasks.o(i.xTaskGetSchedulerState)
    xTaskGetTickCount                        0x0800bcc1   Thumb Code     6  tasks.o(i.xTaskGetTickCount)
    xTaskIncrementTick                       0x0800bccd   Thumb Code   282  tasks.o(i.xTaskIncrementTick)
    xTaskPriorityDisinherit                  0x0800be15   Thumb Code   188  tasks.o(i.xTaskPriorityDisinherit)
    xTaskRemoveFromEventList                 0x0800bedd   Thumb Code   128  tasks.o(i.xTaskRemoveFromEventList)
    xTaskResumeAll                           0x0800bf75   Thumb Code   224  tasks.o(i.xTaskResumeAll)
    xTimerCreateTimerTask                    0x0800c079   Thumb Code   100  timers.o(i.xTimerCreateTimerTask)
    xTimerGenericCommand                     0x0800c0f1   Thumb Code   128  timers.o(i.xTimerGenericCommand)
    __aeabi_d2f                              0x0800c175   Thumb Code     0  d2f_clz.o(x$fpl$d2f)
    _d2f                                     0x0800c175   Thumb Code   700  d2f_clz.o(x$fpl$d2f)
    __fpl_dcmp_Inf                           0x0800c439   Thumb Code    24  dcmpi.o(x$fpl$dcmpinf)
    __dflt_normalise                         0x0800c451   Thumb Code    26  dflt_clz.o(x$fpl$dfltn)
    __aeabi_cdcmple                          0x0800c46d   Thumb Code     0  dleqf.o(x$fpl$dleqf)
    _dcmple                                  0x0800c46d   Thumb Code   120  dleqf.o(x$fpl$dleqf)
    __fpl_dcmple_InfNaN                      0x0800c4c5   Thumb Code     0  dleqf.o(x$fpl$dleqf)
    __fpl_dnaninf                            0x0800c4e5   Thumb Code   258  dnaninf.o(x$fpl$dnaninf)
    __fpl_drenorm2                           0x0800c5e7   Thumb Code   106  drenorm_clz.o(x$fpl$drenorm)
    __fpl_drenorm1                           0x0800c651   Thumb Code     6  drenorm_clz.o(x$fpl$drenorm)
    __fpl_dretinf                            0x0800c657   Thumb Code    12  dretinf.o(x$fpl$dretinf)
    __dunder                                 0x0800c663   Thumb Code   314  dunder_clz.o(x$fpl$dunder)
    __dunder_d                               0x0800c79d   Thumb Code    64  dunder_clz.o(x$fpl$dunder)
    __fpl_exception                          0x0800c7dd   Thumb Code   454  except.o(x$fpl$exception)
    __aeabi_f2d                              0x0800c9c9   Thumb Code     0  f2d.o(x$fpl$f2d)
    _f2d                                     0x0800c9c9   Thumb Code   122  f2d.o(x$fpl$f2d)
    __fpl_fnaninf                            0x0800ca43   Thumb Code   242  fnaninf.o(x$fpl$fnaninf)
    _fp_init                                 0x0800cb35   Thumb Code    10  fpinit.o(x$fpl$fpinit)
    __fplib_config_fpu_vfp                   0x0800cb3d   Thumb Code     0  fpinit.o(x$fpl$fpinit)
    __fplib_config_pureend_doubles           0x0800cb3d   Thumb Code     0  fpinit.o(x$fpl$fpinit)
    __fpl_fretinf                            0x0800cb3f   Thumb Code    10  fretinf.o(x$fpl$fretinf)
    __funder                                 0x0800cb49   Thumb Code   254  funder_clz.o(x$fpl$funder)
    __funder_d                               0x0800cc47   Thumb Code    62  funder_clz.o(x$fpl$funder)
    __fpl_return_NaN                         0x0800cc85   Thumb Code   178  retnan.o(x$fpl$retnan)
    _fp_trapveneer                           0x0800cd37   Thumb Code    36  trapv.o(x$fpl$trapveneer)
    __fpl_cmpreturn                          0x0800cd5b   Thumb Code    90  trapv.o(x$fpl$trapveneer)
    __I$use$fp                               0x0800cdb4   Number         0  usenofp.o(x$fpl$usenofp)
    AHBPrescTable                            0x0800ce64   Data          16  system_stm32f4xx.o(.constdata)
    APBPrescTable                            0x0800ce74   Data           8  system_stm32f4xx.o(.constdata)
    CRC8_INIT                                0x0800cf2c   Data           1  crc_crc16.o(.constdata)
    CRC8_table                               0x0800cf2d   Data         256  crc_crc16.o(.constdata)
    wCRC_table                               0x0800d02e   Data         512  crc_crc16.o(.constdata)
    sinTable_f32                             0x0800d230   Data        2052  arm_common_tables.o(.constdata)
    Region$$Table$$Base                      0x0800da70   Number         0  anon$$obj.o(Region$$Table)
    Region$$Table$$Limit                     0x0800da90   Number         0  anon$$obj.o(Region$$Table)
    chassisTaskHandle                        0x20000000   Data           4  freertos.o(.data)
    imuTaskHandle                            0x20000004   Data           4  freertos.o(.data)
    gimbalTaskHandle                         0x20000008   Data           4  freertos.o(.data)
    referee_usart_task_handle                0x2000000c   Data           4  freertos.o(.data)
    shootTaskHandle                          0x20000010   Data           4  freertos.o(.data)
    testHandle                               0x20000014   Data           4  freertos.o(.data)
    hcrc                                     0x2000001c   Data           8  crc.o(.data)
    uwTick                                   0x20000024   Data           4  stm32f4xx_hal.o(.data)
    uwTickPrio                               0x20000028   Data           4  stm32f4xx_hal.o(.data)
    uwTickFreq                               0x2000002c   Data           1  stm32f4xx_hal.o(.data)
    SystemCoreClock                          0x20000030   Data           4  system_stm32f4xx.o(.data)
    pxCurrentTCB                             0x20000034   Data           4  tasks.o(.data)
    BMI088_ACCEL_SEN                         0x200000a8   Data           4  bmi088driver.o(.data)
    BMI088_GYRO_SEN                          0x200000ac   Data           4  bmi088driver.o(.data)
    cn1                                      0x200000d4   Data           1  bmi088driver.o(.data)
    gyro_dma_rx_buf                          0x200000dc   Data           8  ins_task.o(.data)
    gyro_dma_tx_buf                          0x200000e4   Data           8  ins_task.o(.data)
    accel_dma_tx_buf                         0x200000ec   Data           9  ins_task.o(.data)
    accel_temp_dma_rx_buf                    0x200000f5   Data           4  ins_task.o(.data)
    accel_temp_dma_tx_buf                    0x200000f9   Data           4  ins_task.o(.data)
    gyro_update_flag                         0x200000fd   Data           1  ins_task.o(.data)
    accel_update_flag                        0x200000fe   Data           1  ins_task.o(.data)
    accel_temp_update_flag                   0x200000ff   Data           1  ins_task.o(.data)
    imu_start_dma_flag                       0x20000100   Data           1  ins_task.o(.data)
    gyro_scale_factor                        0x20000104   Data          36  ins_task.o(.data)
    accel_scale_factor                       0x20000128   Data          36  ins_task.o(.data)
    twoKp                                    0x20000150   Data           4  ins_task.o(.data)
    twoKi                                    0x20000154   Data           4  ins_task.o(.data)
    integralFBx                              0x20000158   Data           4  ins_task.o(.data)
    integralFBy                              0x2000015c   Data           4  ins_task.o(.data)
    integralFBz                              0x20000160   Data           4  ins_task.o(.data)
    referee_receive_header                   0x200001b5   Data           5  referee.o(.data)
    referee_send_header                      0x200001ba   Data           5  referee.o(.data)
    game_state                               0x200001bf   Data           3  referee.o(.data)
    game_result                              0x200001c2   Data           1  referee.o(.data)
    field_event                              0x200001c3   Data           4  referee.o(.data)
    supply_projectile_action_t               0x200001c7   Data           4  referee.o(.data)
    supply_projectile_booking_t              0x200001cb   Data           3  referee.o(.data)
    referee_warning_t                        0x200001ce   Data           2  referee.o(.data)
    buff_musk_t                              0x200001d0   Data           1  referee.o(.data)
    robot_energy_t                           0x200001d1   Data           2  referee.o(.data)
    robot_hurt_t                             0x200001d3   Data           1  referee.o(.data)
    shoot_data_t                             0x200001d4   Data           6  referee.o(.data)
    bullet_remaining_t                       0x200001da   Data           1  referee.o(.data)
    CRC16_INIT                               0x200001ea   Data           2  crc_crc16.o(.data)
    hadc1                                    0x20000894   Data          72  adc.o(.bss)
    hadc3                                    0x200008dc   Data          72  adc.o(.bss)
    hcan1                                    0x20000924   Data          40  can.o(.bss)
    hcan2                                    0x2000094c   Data          40  can.o(.bss)
    hi2c1                                    0x20000974   Data          84  i2c.o(.bss)
    hi2c2                                    0x200009c8   Data          84  i2c.o(.bss)
    hi2c3                                    0x20000a1c   Data          84  i2c.o(.bss)
    hdma_i2c2_tx                             0x20000a70   Data          96  i2c.o(.bss)
    hrng                                     0x20000ad0   Data          16  rng.o(.bss)
    hrtc                                     0x20000ae0   Data          32  rtc.o(.bss)
    hspi1                                    0x20000b00   Data          88  spi.o(.bss)
    hspi2                                    0x20000b58   Data          88  spi.o(.bss)
    hdma_spi1_rx                             0x20000bb0   Data          96  spi.o(.bss)
    hdma_spi1_tx                             0x20000c10   Data          96  spi.o(.bss)
    htim1                                    0x20000c70   Data          64  tim.o(.bss)
    htim3                                    0x20000cb0   Data          64  tim.o(.bss)
    htim4                                    0x20000cf0   Data          64  tim.o(.bss)
    htim5                                    0x20000d30   Data          64  tim.o(.bss)
    htim8                                    0x20000d70   Data          64  tim.o(.bss)
    htim10                                   0x20000db0   Data          64  tim.o(.bss)
    huart1                                   0x20000df0   Data          64  usart.o(.bss)
    huart3                                   0x20000e30   Data          64  usart.o(.bss)
    huart6                                   0x20000e70   Data          64  usart.o(.bss)
    hdma_usart1_tx                           0x20000eb0   Data          96  usart.o(.bss)
    hdma_usart1_rx                           0x20000f10   Data          96  usart.o(.bss)
    hdma_usart3_rx                           0x20000f70   Data          96  usart.o(.bss)
    hdma_usart6_rx                           0x20000fd0   Data          96  usart.o(.bss)
    hdma_usart6_tx                           0x20001030   Data          96  usart.o(.bss)
    xQueueRegistry                           0x20001090   Data          64  queue.o(.bss)
    accel_dma_rx_buf                         0x200072d0   Data           9  ins_task.o(.bss)
    bmi088_real_data                         0x200072dc   Data          36  ins_task.o(.bss)
    accel_offset                             0x20007300   Data          12  ins_task.o(.bss)
    imu_temp_pid                             0x2000730c   Data          76  ins_task.o(.bss)
    INS_gyro                                 0x2000737c   Data          12  ins_task.o(.bss)
    INS_accel                                0x20007388   Data          12  ins_task.o(.bss)
    INS_mag                                  0x20007394   Data          12  ins_task.o(.bss)
    INS_quat                                 0x200073a0   Data          16  ins_task.o(.bss)
    INS_angle                                0x200073b0   Data          12  ins_task.o(.bss)
    motor_chassis                            0x200073bc   Data          90  can_receive.o(.bss)
    chassis_move                             0x20007478   Data         612  chassis_task.o(.bss)
    gimbal_control                           0x200076dc   Data         600  gimbal_task.o(.bss)
    rc_ctrl                                  0x20007934   Data          22  remote_control.o(.bss)
    shoot_control                            0x20007994   Data         372  shoot.o(.bss)
    game_robot_HP_t                          0x20007b08   Data          28  referee.o(.bss)
    robot_state                              0x20007b24   Data          27  referee.o(.bss)
    power_heat_data_t                        0x20007b3f   Data          14  referee.o(.bss)
    game_robot_pos_t                         0x20007b4d   Data          16  referee.o(.bss)
    student_interactive_data_t               0x20007b5d   Data          12  referee.o(.bss)
    usart6_buf                               0x20007b6c   Data        1024  referee_task.o(.bss)
    referee_fifo                             0x20007f6c   Data          24  referee_task.o(.bss)
    referee_fifo_buf                         0x20007f84   Data        1024  referee_task.o(.bss)
    referee_unpack_obj                       0x20008384   Data         137  referee_task.o(.bss)
    __libspace_start                         0x20008410   Data          96  libspace.o(.bss)
    __temporary_stack_top$libspace           0x20008470   Data           0  libspace.o(.bss)



==============================================================================

Memory Map of the image

  Image Entry point : 0x08000189

  Load Region LR_IROM1 (Base: 0x08000000, Size: 0x0000dc7c, Max: 0x00100000, ABSOLUTE, COMPRESSED[0x0000daf0])

    Execution Region ER_IROM1 (Exec base: 0x08000000, Load base: 0x08000000, Size: 0x0000da90, Max: 0x00100000, ABSOLUTE)

    Exec Addr    Load Addr    Size         Type   Attr      Idx    E Section Name        Object

    0x08000000   0x08000000   0x00000188   Data   RO            3    RESET               startup_stm32f407xx.o
    0x08000188   0x08000188   0x00000008   Code   RO         9341  * !!!main             c_w.l(__main.o)
    0x08000190   0x08000190   0x00000034   Code   RO         9656    !!!scatter          c_w.l(__scatter.o)
    0x080001c4   0x080001c4   0x0000005a   Code   RO         9654    !!dczerorl2         c_w.l(__dczerorl2.o)
    0x0800021e   0x0800021e   0x00000002   PAD
    0x08000220   0x08000220   0x0000001c   Code   RO         9658    !!handler_zi        c_w.l(__scatter_zi.o)
    0x0800023c   0x0800023c   0x00000002   Code   RO         9591    .ARM.Collect$$libinit$$00000000  c_w.l(libinit.o)
    0x0800023e   0x0800023e   0x00000004   Code   RO         9415    .ARM.Collect$$libinit$$00000001  c_w.l(libinit2.o)
    0x08000242   0x08000242   0x00000000   Code   RO         9418    .ARM.Collect$$libinit$$00000004  c_w.l(libinit2.o)
    0x08000242   0x08000242   0x00000000   Code   RO         9421    .ARM.Collect$$libinit$$0000000A  c_w.l(libinit2.o)
    0x08000242   0x08000242   0x00000000   Code   RO         9423    .ARM.Collect$$libinit$$0000000C  c_w.l(libinit2.o)
    0x08000242   0x08000242   0x00000000   Code   RO         9425    .ARM.Collect$$libinit$$0000000E  c_w.l(libinit2.o)
    0x08000242   0x08000242   0x00000000   Code   RO         9428    .ARM.Collect$$libinit$$00000011  c_w.l(libinit2.o)
    0x08000242   0x08000242   0x00000000   Code   RO         9430    .ARM.Collect$$libinit$$00000013  c_w.l(libinit2.o)
    0x08000242   0x08000242   0x00000000   Code   RO         9432    .ARM.Collect$$libinit$$00000015  c_w.l(libinit2.o)
    0x08000242   0x08000242   0x00000000   Code   RO         9434    .ARM.Collect$$libinit$$00000017  c_w.l(libinit2.o)
    0x08000242   0x08000242   0x00000000   Code   RO         9436    .ARM.Collect$$libinit$$00000019  c_w.l(libinit2.o)
    0x08000242   0x08000242   0x00000000   Code   RO         9438    .ARM.Collect$$libinit$$0000001B  c_w.l(libinit2.o)
    0x08000242   0x08000242   0x00000000   Code   RO         9440    .ARM.Collect$$libinit$$0000001D  c_w.l(libinit2.o)
    0x08000242   0x08000242   0x00000000   Code   RO         9442    .ARM.Collect$$libinit$$0000001F  c_w.l(libinit2.o)
    0x08000242   0x08000242   0x00000000   Code   RO         9444    .ARM.Collect$$libinit$$00000021  c_w.l(libinit2.o)
    0x08000242   0x08000242   0x00000000   Code   RO         9446    .ARM.Collect$$libinit$$00000023  c_w.l(libinit2.o)
    0x08000242   0x08000242   0x00000000   Code   RO         9448    .ARM.Collect$$libinit$$00000025  c_w.l(libinit2.o)
    0x08000242   0x08000242   0x00000000   Code   RO         9452    .ARM.Collect$$libinit$$0000002C  c_w.l(libinit2.o)
    0x08000242   0x08000242   0x00000000   Code   RO         9454    .ARM.Collect$$libinit$$0000002E  c_w.l(libinit2.o)
    0x08000242   0x08000242   0x00000000   Code   RO         9456    .ARM.Collect$$libinit$$00000030  c_w.l(libinit2.o)
    0x08000242   0x08000242   0x00000000   Code   RO         9458    .ARM.Collect$$libinit$$00000032  c_w.l(libinit2.o)
    0x08000242   0x08000242   0x00000002   Code   RO         9459    .ARM.Collect$$libinit$$00000033  c_w.l(libinit2.o)
    0x08000244   0x08000244   0x00000002   Code   RO         9651    .ARM.Collect$$libshutdown$$00000000  c_w.l(libshutdown.o)
    0x08000246   0x08000246   0x00000000   Code   RO         9609    .ARM.Collect$$libshutdown$$00000002  c_w.l(libshutdown2.o)
    0x08000246   0x08000246   0x00000000   Code   RO         9611    .ARM.Collect$$libshutdown$$00000004  c_w.l(libshutdown2.o)
    0x08000246   0x08000246   0x00000000   Code   RO         9614    .ARM.Collect$$libshutdown$$00000007  c_w.l(libshutdown2.o)
    0x08000246   0x08000246   0x00000000   Code   RO         9617    .ARM.Collect$$libshutdown$$0000000A  c_w.l(libshutdown2.o)
    0x08000246   0x08000246   0x00000000   Code   RO         9619    .ARM.Collect$$libshutdown$$0000000C  c_w.l(libshutdown2.o)
    0x08000246   0x08000246   0x00000000   Code   RO         9622    .ARM.Collect$$libshutdown$$0000000F  c_w.l(libshutdown2.o)
    0x08000246   0x08000246   0x00000002   Code   RO         9623    .ARM.Collect$$libshutdown$$00000010  c_w.l(libshutdown2.o)
    0x08000248   0x08000248   0x00000000   Code   RO         9381    .ARM.Collect$$rtentry$$00000000  c_w.l(__rtentry.o)
    0x08000248   0x08000248   0x00000000   Code   RO         9517    .ARM.Collect$$rtentry$$00000002  c_w.l(__rtentry2.o)
    0x08000248   0x08000248   0x00000006   Code   RO         9529    .ARM.Collect$$rtentry$$00000004  c_w.l(__rtentry4.o)
    0x0800024e   0x0800024e   0x00000000   Code   RO         9519    .ARM.Collect$$rtentry$$00000009  c_w.l(__rtentry2.o)
    0x0800024e   0x0800024e   0x00000004   Code   RO         9520    .ARM.Collect$$rtentry$$0000000A  c_w.l(__rtentry2.o)
    0x08000252   0x08000252   0x00000000   Code   RO         9522    .ARM.Collect$$rtentry$$0000000C  c_w.l(__rtentry2.o)
    0x08000252   0x08000252   0x00000008   Code   RO         9523    .ARM.Collect$$rtentry$$0000000D  c_w.l(__rtentry2.o)
    0x0800025a   0x0800025a   0x00000002   Code   RO         9596    .ARM.Collect$$rtexit$$00000000  c_w.l(rtexit.o)
    0x0800025c   0x0800025c   0x00000000   Code   RO         9627    .ARM.Collect$$rtexit$$00000002  c_w.l(rtexit2.o)
    0x0800025c   0x0800025c   0x00000004   Code   RO         9628    .ARM.Collect$$rtexit$$00000003  c_w.l(rtexit2.o)
    0x08000260   0x08000260   0x00000006   Code   RO         9629    .ARM.Collect$$rtexit$$00000004  c_w.l(rtexit2.o)
    0x08000266   0x08000266   0x00000002   PAD
    0x08000268   0x08000268   0x000000be   Code   RO         6759    .emb_text           port.o
    0x08000326   0x08000326   0x00000002   PAD
    0x08000328   0x08000328   0x00000040   Code   RO            4    .text               startup_stm32f407xx.o
    0x08000368   0x08000368   0x00000078   Code   RO         9103    .text               arm_cortexM4lf_math.lib(arm_cos_f32.o)
    0x080003e0   0x080003e0   0x00000074   Code   RO         9156    .text               arm_cortexM4lf_math.lib(arm_sin_f32.o)
    0x08000454   0x08000454   0x000000ee   Code   RO         9323    .text               c_w.l(lludivv7m.o)
    0x08000542   0x08000542   0x0000003e   Code   RO         9325    .text               c_w.l(strlen.o)
    0x08000580   0x08000580   0x0000008a   Code   RO         9327    .text               c_w.l(rt_memcpy_v6.o)
    0x0800060a   0x0800060a   0x00000064   Code   RO         9329    .text               c_w.l(rt_memcpy_w.o)
    0x0800066e   0x0800066e   0x00000010   Code   RO         9333    .text               c_w.l(aeabi_memset.o)
    0x0800067e   0x0800067e   0x00000044   Code   RO         9335    .text               c_w.l(rt_memclr.o)
    0x080006c2   0x080006c2   0x0000004e   Code   RO         9337    .text               c_w.l(rt_memclr_w.o)
    0x08000710   0x08000710   0x00000006   Code   RO         9339    .text               c_w.l(heapauxi.o)
    0x08000716   0x08000716   0x00000016   Code   RO         9411    .text               c_w.l(_rserrno.o)
    0x0800072c   0x0800072c   0x00000008   Code   RO         9513    .text               c_w.l(libspace.o)
    0x08000734   0x08000734   0x00000008   Code   RO         9536    .text               c_w.l(rt_errno_addr_intlibspace.o)
    0x0800073c   0x0800073c   0x00000030   Code   RO         9546    .text               c_w.l(_fptrap.o)
    0x0800076c   0x0800076c   0x00000002   Code   RO         9563    .text               c_w.l(use_no_semi.o)
    0x0800076e   0x0800076e   0x00000000   Code   RO         9565    .text               c_w.l(indicate_semi.o)
    0x0800076e   0x0800076e   0x0000004a   Code   RO         9566    .text               c_w.l(sys_stackheap_outer.o)
    0x080007b8   0x080007b8   0x00000012   Code   RO         9572    .text               c_w.l(exit.o)
    0x080007ca   0x080007ca   0x0000000a   Code   RO         9574    .text               c_w.l(defsig_exit.o)
    0x080007d4   0x080007d4   0x0000000e   Code   RO         9576    .text               c_w.l(defsig_fpe_outer.o)
    0x080007e2   0x080007e2   0x00000002   PAD
    0x080007e4   0x080007e4   0x0000000c   Code   RO         9594    .text               c_w.l(sys_exit.o)
    0x080007f0   0x080007f0   0x00000032   Code   RO         9604    .text               c_w.l(defsig_general.o)
    0x08000822   0x08000822   0x00000002   PAD
    0x08000824   0x08000824   0x000000ac   Code   RO         9606    .text               c_w.l(defsig_fpe_inner.o)
    0x080008d0   0x080008d0   0x0000000e   Code   RO         9624    .text               c_w.l(sys_wrch.o)
    0x080008de   0x080008de   0x00000002   PAD
    0x080008e0   0x080008e0   0x00000160   Code   RO         1019    i.ADC_Init          stm32f4xx_hal_adc.o
    0x08000a40   0x08000a40   0x00000028   Code   RO         7158    i.AHRS_init         ins_task.o
    0x08000a68   0x08000a68   0x00000014   Code   RO         7061    i.BMI088_ACCEL_NS_H  bmi088middleware.o
    0x08000a7c   0x08000a7c   0x00000014   Code   RO         7062    i.BMI088_ACCEL_NS_L  bmi088middleware.o
    0x08000a90   0x08000a90   0x00000002   Code   RO         7063    i.BMI088_GPIO_init  bmi088middleware.o
    0x08000a92   0x08000a92   0x00000002   PAD
    0x08000a94   0x08000a94   0x00000014   Code   RO         7064    i.BMI088_GYRO_NS_H  bmi088middleware.o
    0x08000aa8   0x08000aa8   0x00000014   Code   RO         7065    i.BMI088_GYRO_NS_L  bmi088middleware.o
    0x08000abc   0x08000abc   0x00000090   Code   RO         6839    i.BMI088_accel_read_over  bmi088driver.o
    0x08000b4c   0x08000b4c   0x00000002   Code   RO         7066    i.BMI088_com_init   bmi088middleware.o
    0x08000b4e   0x08000b4e   0x0000000c   Code   RO         7067    i.BMI088_delay_ms   bmi088middleware.o
    0x08000b5a   0x08000b5a   0x0000000c   Code   RO         7068    i.BMI088_delay_us   bmi088middleware.o
    0x08000b66   0x08000b66   0x00000002   PAD
    0x08000b68   0x08000b68   0x00000068   Code   RO         6840    i.BMI088_gyro_read_over  bmi088driver.o
    0x08000bd0   0x08000bd0   0x00000034   Code   RO         6841    i.BMI088_init       bmi088driver.o
    0x08000c04   0x08000c04   0x0000017c   Code   RO         6842    i.BMI088_read       bmi088driver.o
    0x08000d80   0x08000d80   0x00000026   Code   RO         6845    i.BMI088_read_muli_reg  bmi088driver.o
    0x08000da6   0x08000da6   0x00000018   Code   RO         6846    i.BMI088_read_single_reg  bmi088driver.o
    0x08000dbe   0x08000dbe   0x00000002   PAD
    0x08000dc0   0x08000dc0   0x00000020   Code   RO         7069    i.BMI088_read_write_byte  bmi088middleware.o
    0x08000de0   0x08000de0   0x00000034   Code   RO         6847    i.BMI088_temperature_read_over  bmi088driver.o
    0x08000e14   0x08000e14   0x00000014   Code   RO         6848    i.BMI088_write_single_reg  bmi088driver.o
    0x08000e28   0x08000e28   0x00000004   Code   RO          862    i.BusFault_Handler  stm32f4xx_it.o
    0x08000e2c   0x08000e2c   0x00000010   Code   RO          863    i.CAN1_RX0_IRQHandler  stm32f4xx_it.o
    0x08000e3c   0x08000e3c   0x00000010   Code   RO          864    i.CAN2_RX0_IRQHandler  stm32f4xx_it.o
    0x08000e4c   0x08000e4c   0x00000050   Code   RO         7279    i.CAN_cmd_chassis   can_receive.o
    0x08000e9c   0x08000e9c   0x00000050   Code   RO         7281    i.CAN_cmd_fric      can_receive.o
    0x08000eec   0x08000eec   0x0000004c   Code   RO         7282    i.CAN_cmd_gimbal    can_receive.o
    0x08000f38   0x08000f38   0x0000007c   Code   RO         8404    i.DMA1_Stream7_IRQHandler  bsp_i2c.o
    0x08000fb4   0x08000fb4   0x00000010   Code   RO          865    i.DMA2_Stream1_IRQHandler  stm32f4xx_it.o
    0x08000fc4   0x08000fc4   0x000000d0   Code   RO         7159    i.DMA2_Stream2_IRQHandler  ins_task.o
    0x08001094   0x08001094   0x00000010   Code   RO          866    i.DMA2_Stream5_IRQHandler  stm32f4xx_it.o
    0x080010a4   0x080010a4   0x00000010   Code   RO          867    i.DMA2_Stream6_IRQHandler  stm32f4xx_it.o
    0x080010b4   0x080010b4   0x00000010   Code   RO          868    i.DMA2_Stream7_IRQHandler  stm32f4xx_it.o
    0x080010c4   0x080010c4   0x00000034   Code   RO         1798    i.DMA_CalcBaseAndBitshift  stm32f4xx_hal_dma.o
    0x080010f8   0x080010f8   0x000000aa   Code   RO         1799    i.DMA_CheckFifoParam  stm32f4xx_hal_dma.o
    0x080011a2   0x080011a2   0x00000002   Code   RO          869    i.DebugMon_Handler  stm32f4xx_it.o
    0x080011a4   0x080011a4   0x0000000a   Code   RO          870    i.EXTI0_IRQHandler  stm32f4xx_it.o
    0x080011ae   0x080011ae   0x0000000a   Code   RO          871    i.EXTI3_IRQHandler  stm32f4xx_it.o
    0x080011b8   0x080011b8   0x0000000a   Code   RO          872    i.EXTI4_IRQHandler  stm32f4xx_it.o
    0x080011c2   0x080011c2   0x0000000a   Code   RO          873    i.EXTI9_5_IRQHandler  stm32f4xx_it.o
    0x080011cc   0x080011cc   0x00000006   Code   RO           13    i.Error_Handler     main.o
    0x080011d2   0x080011d2   0x00000002   PAD
    0x080011d4   0x080011d4   0x0000018c   Code   RO         1021    i.HAL_ADC_ConfigChannel  stm32f4xx_hal_adc.o
    0x08001360   0x08001360   0x00000068   Code   RO         1030    i.HAL_ADC_Init      stm32f4xx_hal_adc.o
    0x080013c8   0x080013c8   0x000000ac   Code   RO          382    i.HAL_ADC_MspInit   adc.o
    0x08001474   0x08001474   0x0000002a   Code   RO         2474    i.HAL_CAN_ActivateNotification  stm32f4xx_hal_can.o
    0x0800149e   0x0800149e   0x00000156   Code   RO         2475    i.HAL_CAN_AddTxMessage  stm32f4xx_hal_can.o
    0x080015f4   0x080015f4   0x00000124   Code   RO         2476    i.HAL_CAN_ConfigFilter  stm32f4xx_hal_can.o
    0x08001718   0x08001718   0x00000002   Code   RO         2479    i.HAL_CAN_ErrorCallback  stm32f4xx_hal_can.o
    0x0800171a   0x0800171a   0x0000017c   Code   RO         2482    i.HAL_CAN_GetRxMessage  stm32f4xx_hal_can.o
    0x08001896   0x08001896   0x0000024e   Code   RO         2486    i.HAL_CAN_IRQHandler  stm32f4xx_hal_can.o
    0x08001ae4   0x08001ae4   0x00000174   Code   RO         2487    i.HAL_CAN_Init      stm32f4xx_hal_can.o
    0x08001c58   0x08001c58   0x00000160   Code   RO          430    i.HAL_CAN_MspInit   can.o
    0x08001db8   0x08001db8   0x00000002   Code   RO         2494    i.HAL_CAN_RxFifo0FullCallback  stm32f4xx_hal_can.o
    0x08001dba   0x08001dba   0x00000002   PAD
    0x08001dbc   0x08001dbc   0x00000264   Code   RO         7283    i.HAL_CAN_RxFifo0MsgPendingCallback  can_receive.o
    0x08002020   0x08002020   0x00000002   Code   RO         2496    i.HAL_CAN_RxFifo1FullCallback  stm32f4xx_hal_can.o
    0x08002022   0x08002022   0x00000002   Code   RO         2497    i.HAL_CAN_RxFifo1MsgPendingCallback  stm32f4xx_hal_can.o
    0x08002024   0x08002024   0x00000002   Code   RO         2498    i.HAL_CAN_SleepCallback  stm32f4xx_hal_can.o
    0x08002026   0x08002026   0x0000005e   Code   RO         2499    i.HAL_CAN_Start     stm32f4xx_hal_can.o
    0x08002084   0x08002084   0x00000002   Code   RO         2501    i.HAL_CAN_TxMailbox0AbortCallback  stm32f4xx_hal_can.o
    0x08002086   0x08002086   0x00000002   Code   RO         2502    i.HAL_CAN_TxMailbox0CompleteCallback  stm32f4xx_hal_can.o
    0x08002088   0x08002088   0x00000002   Code   RO         2503    i.HAL_CAN_TxMailbox1AbortCallback  stm32f4xx_hal_can.o
    0x0800208a   0x0800208a   0x00000002   Code   RO         2504    i.HAL_CAN_TxMailbox1CompleteCallback  stm32f4xx_hal_can.o
    0x0800208c   0x0800208c   0x00000002   Code   RO         2505    i.HAL_CAN_TxMailbox2AbortCallback  stm32f4xx_hal_can.o
    0x0800208e   0x0800208e   0x00000002   Code   RO         2506    i.HAL_CAN_TxMailbox2CompleteCallback  stm32f4xx_hal_can.o
    0x08002090   0x08002090   0x00000002   Code   RO         2508    i.HAL_CAN_WakeUpFromRxMsgCallback  stm32f4xx_hal_can.o
    0x08002092   0x08002092   0x00000024   Code   RO         2711    i.HAL_CRC_Init      stm32f4xx_hal_crc.o
    0x080020b6   0x080020b6   0x00000002   PAD
    0x080020b8   0x080020b8   0x00000034   Code   RO          479    i.HAL_CRC_MspInit   crc.o
    0x080020ec   0x080020ec   0x00000028   Code   RO         1802    i.HAL_DMA_Abort_IT  stm32f4xx_hal_dma.o
    0x08002114   0x08002114   0x00000240   Code   RO         1806    i.HAL_DMA_IRQHandler  stm32f4xx_hal_dma.o
    0x08002354   0x08002354   0x000000ec   Code   RO         1807    i.HAL_DMA_Init      stm32f4xx_hal_dma.o
    0x08002440   0x08002440   0x00000090   Code   RO         7160    i.HAL_GPIO_EXTI_Callback  ins_task.o
    0x080024d0   0x080024d0   0x0000001c   Code   RO         1693    i.HAL_GPIO_EXTI_IRQHandler  stm32f4xx_hal_gpio.o
    0x080024ec   0x080024ec   0x00000200   Code   RO         1694    i.HAL_GPIO_Init     stm32f4xx_hal_gpio.o
    0x080026ec   0x080026ec   0x0000000c   Code   RO         1698    i.HAL_GPIO_WritePin  stm32f4xx_hal_gpio.o
    0x080026f8   0x080026f8   0x0000000c   Code   RO         2231    i.HAL_GetTick       stm32f4xx_hal.o
    0x08002704   0x08002704   0x000001b8   Code   RO         2778    i.HAL_I2C_Init      stm32f4xx_hal_i2c.o
    0x080028bc   0x080028bc   0x000001f4   Code   RO          545    i.HAL_I2C_MspInit   i2c.o
    0x08002ab0   0x08002ab0   0x00000018   Code   RO         2237    i.HAL_IncTick       stm32f4xx_hal.o
    0x08002ac8   0x08002ac8   0x0000003c   Code   RO         2238    i.HAL_Init          stm32f4xx_hal.o
    0x08002b04   0x08002b04   0x0000004c   Code   RO         2239    i.HAL_InitTick      stm32f4xx_hal.o
    0x08002b50   0x08002b50   0x00000054   Code   RO          992    i.HAL_MspInit       stm32f4xx_hal_msp.o
    0x08002ba4   0x08002ba4   0x00000020   Code   RO         2083    i.HAL_NVIC_EnableIRQ  stm32f4xx_hal_cortex.o
    0x08002bc4   0x08002bc4   0x0000007c   Code   RO         2089    i.HAL_NVIC_SetPriority  stm32f4xx_hal_cortex.o
    0x08002c40   0x08002c40   0x00000028   Code   RO         2090    i.HAL_NVIC_SetPriorityGrouping  stm32f4xx_hal_cortex.o
    0x08002c68   0x08002c68   0x000001a0   Code   RO         1400    i.HAL_RCCEx_PeriphCLKConfig  stm32f4xx_hal_rcc_ex.o
    0x08002e08   0x08002e08   0x00000180   Code   RO         1295    i.HAL_RCC_ClockConfig  stm32f4xx_hal_rcc.o
    0x08002f88   0x08002f88   0x0000000c   Code   RO         1300    i.HAL_RCC_GetHCLKFreq  stm32f4xx_hal_rcc.o
    0x08002f94   0x08002f94   0x00000020   Code   RO         1302    i.HAL_RCC_GetPCLK1Freq  stm32f4xx_hal_rcc.o
    0x08002fb4   0x08002fb4   0x00000020   Code   RO         1303    i.HAL_RCC_GetPCLK2Freq  stm32f4xx_hal_rcc.o
    0x08002fd4   0x08002fd4   0x000000b0   Code   RO         1304    i.HAL_RCC_GetSysClockFreq  stm32f4xx_hal_rcc.o
    0x08003084   0x08003084   0x00000448   Code   RO         1307    i.HAL_RCC_OscConfig  stm32f4xx_hal_rcc.o
    0x080034cc   0x080034cc   0x00000034   Code   RO         3256    i.HAL_RNG_Init      stm32f4xx_hal_rng.o
    0x08003500   0x08003500   0x00000034   Code   RO          599    i.HAL_RNG_MspInit   rng.o
    0x08003534   0x08003534   0x000000d8   Code   RO         3357    i.HAL_RTC_Init      stm32f4xx_hal_rtc.o
    0x0800360c   0x0800360c   0x00000040   Code   RO          641    i.HAL_RTC_MspInit   rtc.o
    0x0800364c   0x0800364c   0x0000003a   Code   RO         3365    i.HAL_RTC_WaitForSynchro  stm32f4xx_hal_rtc.o
    0x08003686   0x08003686   0x0000008c   Code   RO         3726    i.HAL_SPI_Init      stm32f4xx_hal_spi.o
    0x08003712   0x08003712   0x00000002   PAD
    0x08003714   0x08003714   0x000001cc   Code   RO          683    i.HAL_SPI_MspInit   spi.o
    0x080038e0   0x080038e0   0x0000022a   Code   RO         3735    i.HAL_SPI_TransmitReceive  stm32f4xx_hal_spi.o
    0x08003b0a   0x08003b0a   0x00000034   Code   RO         2094    i.HAL_SYSTICK_Config  stm32f4xx_hal_cortex.o
    0x08003b3e   0x08003b3e   0x00000074   Code   RO         4728    i.HAL_TIMEx_ConfigBreakDeadTime  stm32f4xx_hal_tim_ex.o
    0x08003bb2   0x08003bb2   0x00000054   Code   RO         4743    i.HAL_TIMEx_MasterConfigSynchronization  stm32f4xx_hal_tim_ex.o
    0x08003c06   0x08003c06   0x00000034   Code   RO         4039    i.HAL_TIM_Base_Init  stm32f4xx_hal_tim.o
    0x08003c3a   0x08003c3a   0x00000002   PAD
    0x08003c3c   0x08003c3c   0x0000011c   Code   RO          731    i.HAL_TIM_Base_MspInit  tim.o
    0x08003d58   0x08003d58   0x00000108   Code   RO         4048    i.HAL_TIM_ConfigClockSource  stm32f4xx_hal_tim.o
    0x08003e60   0x08003e60   0x00000224   Code   RO          732    i.HAL_TIM_MspPostInit  tim.o
    0x08004084   0x08004084   0x00000108   Code   RO         4106    i.HAL_TIM_PWM_ConfigChannel  stm32f4xx_hal_tim.o
    0x0800418c   0x0800418c   0x00000034   Code   RO         4109    i.HAL_TIM_PWM_Init  stm32f4xx_hal_tim.o
    0x080041c0   0x080041c0   0x00000002   Code   RO         4111    i.HAL_TIM_PWM_MspInit  stm32f4xx_hal_tim.o
    0x080041c2   0x080041c2   0x00000002   Code   RO         4997    i.HAL_UART_ErrorCallback  stm32f4xx_hal_uart.o
    0x080041c4   0x080041c4   0x0000014c   Code   RO         5000    i.HAL_UART_IRQHandler  stm32f4xx_hal_uart.o
    0x08004310   0x08004310   0x00000072   Code   RO         5001    i.HAL_UART_Init     stm32f4xx_hal_uart.o
    0x08004382   0x08004382   0x00000002   PAD
    0x08004384   0x08004384   0x0000034c   Code   RO          809    i.HAL_UART_MspInit  usart.o
    0x080046d0   0x080046d0   0x00000002   Code   RO         5007    i.HAL_UART_RxCpltCallback  stm32f4xx_hal_uart.o
    0x080046d2   0x080046d2   0x00000002   PAD
    0x080046d4   0x080046d4   0x00000014   Code   RO         8702    i.HAL_UART_TxCpltCallback  bsp_usart.o
    0x080046e8   0x080046e8   0x00000004   Code   RO          874    i.HardFault_Handler  stm32f4xx_it.o
    0x080046ec   0x080046ec   0x000002e0   Code   RO         7161    i.INS_task          ins_task.o
    0x080049cc   0x080049cc   0x00000070   Code   RO          383    i.MX_ADC1_Init      adc.o
    0x08004a3c   0x08004a3c   0x00000070   Code   RO          384    i.MX_ADC3_Init      adc.o
    0x08004aac   0x08004aac   0x00000044   Code   RO          431    i.MX_CAN1_Init      can.o
    0x08004af0   0x08004af0   0x00000044   Code   RO          432    i.MX_CAN2_Init      can.o
    0x08004b34   0x08004b34   0x00000020   Code   RO          480    i.MX_CRC_Init       crc.o
    0x08004b54   0x08004b54   0x000000c8   Code   RO          520    i.MX_DMA_Init       dma.o
    0x08004c1c   0x08004c1c   0x000000b4   Code   RO          292    i.MX_FREERTOS_Init  freertos.o
    0x08004cd0   0x08004cd0   0x00000254   Code   RO          268    i.MX_GPIO_Init      gpio.o
    0x08004f24   0x08004f24   0x0000003c   Code   RO          546    i.MX_I2C1_Init      i2c.o
    0x08004f60   0x08004f60   0x0000003c   Code   RO          547    i.MX_I2C2_Init      i2c.o
    0x08004f9c   0x08004f9c   0x0000003c   Code   RO          548    i.MX_I2C3_Init      i2c.o
    0x08004fd8   0x08004fd8   0x00000020   Code   RO          600    i.MX_RNG_Init       rng.o
    0x08004ff8   0x08004ff8   0x00000034   Code   RO          642    i.MX_RTC_Init       rtc.o
    0x0800502c   0x0800502c   0x00000048   Code   RO          684    i.MX_SPI1_Init      spi.o
    0x08005074   0x08005074   0x00000048   Code   RO          685    i.MX_SPI2_Init      spi.o
    0x080050bc   0x080050bc   0x0000006c   Code   RO          733    i.MX_TIM10_Init     tim.o
    0x08005128   0x08005128   0x0000010c   Code   RO          734    i.MX_TIM1_Init      tim.o
    0x08005234   0x08005234   0x000000a4   Code   RO          735    i.MX_TIM3_Init      tim.o
    0x080052d8   0x080052d8   0x000000a4   Code   RO          736    i.MX_TIM4_Init      tim.o
    0x0800537c   0x0800537c   0x000000c4   Code   RO          737    i.MX_TIM5_Init      tim.o
    0x08005440   0x08005440   0x000000ec   Code   RO          738    i.MX_TIM8_Init      tim.o
    0x0800552c   0x0800552c   0x00000038   Code   RO          810    i.MX_USART1_UART_Init  usart.o
    0x08005564   0x08005564   0x0000003c   Code   RO          811    i.MX_USART3_UART_Init  usart.o
    0x080055a0   0x080055a0   0x00000038   Code   RO          812    i.MX_USART6_UART_Init  usart.o
    0x080055d8   0x080055d8   0x00000308   Code   RO         7162    i.MahonyAHRSupdateIMU  ins_task.o
    0x080058e0   0x080058e0   0x00000004   Code   RO          875    i.MemManage_Handler  stm32f4xx_it.o
    0x080058e4   0x080058e4   0x00000004   Code   RO          876    i.NMI_Handler       stm32f4xx_it.o
    0x080058e8   0x080058e8   0x000001f0   Code   RO         7810    i.PID_calc          pid.o
    0x08005ad8   0x08005ad8   0x00000218   Code   RO         7811    i.PID_calc_swing_wz  pid.o
    0x08005cf0   0x08005cf0   0x0000004c   Code   RO         7812    i.PID_clear         pid.o
    0x08005d3c   0x08005d3c   0x00000060   Code   RO         7813    i.PID_init          pid.o
    0x08005d9c   0x08005d9c   0x0000009c   Code   RO         8565    i.RC_Init           bsp_rc.o
    0x08005e38   0x08005e38   0x0000003e   Code   RO         3368    i.RTC_EnterInitMode  stm32f4xx_hal_rtc.o
    0x08005e76   0x08005e76   0x00000002   PAD
    0x08005e78   0x08005e78   0x00000148   Code   RO         8668    i.SPI1_DMA_enable   bsp_spi.o
    0x08005fc0   0x08005fc0   0x00000180   Code   RO         8669    i.SPI1_DMA_init     bsp_spi.o
    0x08006140   0x08006140   0x00000028   Code   RO         3764    i.SPI_EndRxTxTransaction  stm32f4xx_hal_spi.o
    0x08006168   0x08006168   0x000000a8   Code   RO         3769    i.SPI_WaitFlagStateUntilTimeout  stm32f4xx_hal_spi.o
    0x08006210   0x08006210   0x00000014   Code   RO          877    i.SysTick_Handler   stm32f4xx_it.o
    0x08006224   0x08006224   0x000000b4   Code   RO           14    i.SystemClock_Config  main.o
    0x080062d8   0x080062d8   0x00000064   Code   RO         5308    i.SystemInit        system_stm32f4xx.o
    0x0800633c   0x0800633c   0x000000d8   Code   RO         4127    i.TIM_Base_SetConfig  stm32f4xx_hal_tim.o
    0x08006414   0x08006414   0x00000016   Code   RO         4138    i.TIM_ETR_SetConfig  stm32f4xx_hal_tim.o
    0x0800642a   0x0800642a   0x00000012   Code   RO         4139    i.TIM_ITRx_SetConfig  stm32f4xx_hal_tim.o
    0x0800643c   0x0800643c   0x00000070   Code   RO         4140    i.TIM_OC1_SetConfig  stm32f4xx_hal_tim.o
    0x080064ac   0x080064ac   0x0000007c   Code   RO         4141    i.TIM_OC2_SetConfig  stm32f4xx_hal_tim.o
    0x08006528   0x08006528   0x00000078   Code   RO         4142    i.TIM_OC3_SetConfig  stm32f4xx_hal_tim.o
    0x080065a0   0x080065a0   0x00000054   Code   RO         4143    i.TIM_OC4_SetConfig  stm32f4xx_hal_tim.o
    0x080065f4   0x080065f4   0x00000026   Code   RO         4145    i.TIM_TI1_ConfigInputStage  stm32f4xx_hal_tim.o
    0x0800661a   0x0800661a   0x00000028   Code   RO         4147    i.TIM_TI2_ConfigInputStage  stm32f4xx_hal_tim.o
    0x08006642   0x08006642   0x00000014   Code   RO         5014    i.UART_DMAAbortOnError  stm32f4xx_hal_uart.o
    0x08006656   0x08006656   0x00000020   Code   RO         5024    i.UART_EndRxTransfer  stm32f4xx_hal_uart.o
    0x08006676   0x08006676   0x00000020   Code   RO         5025    i.UART_EndTransmit_IT  stm32f4xx_hal_uart.o
    0x08006696   0x08006696   0x000000a6   Code   RO         5027    i.UART_Receive_IT   stm32f4xx_hal_uart.o
    0x0800673c   0x0800673c   0x00000368   Code   RO         5028    i.UART_SetConfig    stm32f4xx_hal_uart.o
    0x08006aa4   0x08006aa4   0x00000068   Code   RO         5029    i.UART_Transmit_IT  stm32f4xx_hal_uart.o
    0x08006b0c   0x08006b0c   0x00000010   Code   RO          878    i.USART1_IRQHandler  stm32f4xx_it.o
    0x08006b1c   0x08006b1c   0x00000124   Code   RO         7665    i.USART3_IRQHandler  remote_control.o
    0x08006c40   0x08006c40   0x00000124   Code   RO         8055    i.USART6_IRQHandler  referee_task.o
    0x08006d64   0x08006d64   0x00000004   Code   RO          879    i.UsageFault_Handler  stm32f4xx_it.o
    0x08006d68   0x08006d68   0x00000026   Code   RO         9483    i.__ARM_fpclassifyf  m_wm.l(fpclassifyf.o)
    0x08006d8e   0x08006d8e   0x00000002   PAD
    0x08006d90   0x08006d90   0x00000010   Code   RO         2096    i.__NVIC_GetPriorityGrouping  stm32f4xx_hal_cortex.o
    0x08006da0   0x08006da0   0x00000028   Code   RO         2097    i.__NVIC_SetPriority  stm32f4xx_hal_cortex.o
    0x08006dc8   0x08006dc8   0x00000006   Code   RO         8879    i.__get_PRIMASK     fifo.o
    0x08006dce   0x08006dce   0x00000002   PAD
    0x08006dd0   0x08006dd0   0x0000012c   Code   RO         9349    i.__hardfp_asinf    m_wm.l(asinf.o)
    0x08006efc   0x08006efc   0x00000250   Code   RO         9361    i.__hardfp_atan2f   m_wm.l(atan2f.o)
    0x0800714c   0x0800714c   0x00000014   Code   RO         9373    i.__hardfp_fabs     m_wm.l(fabs.o)
    0x08007160   0x08007160   0x00000006   Code   RO         9486    i.__mathlib_flt_infnan  m_wm.l(funder.o)
    0x08007166   0x08007166   0x00000006   Code   RO         9487    i.__mathlib_flt_infnan2  m_wm.l(funder.o)
    0x0800716c   0x0800716c   0x00000010   Code   RO         9488    i.__mathlib_flt_invalid  m_wm.l(funder.o)
    0x0800717c   0x0800717c   0x00000010   Code   RO         9491    i.__mathlib_flt_underflow  m_wm.l(funder.o)
    0x0800718c   0x0800718c   0x00000006   Code   RO         8880    i.__set_PRIMASK     fifo.o
    0x08007192   0x08007192   0x00000030   Code   RO         7714    i.abs_limit         user_lib.o
    0x080071c2   0x080071c2   0x00000002   PAD
    0x080071c4   0x080071c4   0x00000134   Code   RO         6849    i.bmi088_accel_init  bmi088driver.o
    0x080072f8   0x080072f8   0x00000308   Code   RO         6850    i.bmi088_accel_self_test  bmi088driver.o
    0x08007600   0x08007600   0x000000f4   Code   RO         6851    i.bmi088_gyro_init  bmi088driver.o
    0x080076f4   0x080076f4   0x000000d0   Code   RO         6852    i.bmi088_gyro_self_test  bmi088driver.o
    0x080077c4   0x080077c4   0x0000005c   Code   RO         8197    i.can_filter_init   bsp_can.o
    0x08007820   0x08007820   0x000001cc   Code   RO         7482    i.chassis_control_loop  chassis_task.o
    0x080079ec   0x080079ec   0x00000164   Code   RO         7483    i.chassis_feedback_update  chassis_task.o
    0x08007b50   0x08007b50   0x00000118   Code   RO         7484    i.chassis_init      chassis_task.o
    0x08007c68   0x08007c68   0x00000228   Code   RO         7485    i.chassis_rc_to_control_vector  chassis_task.o
    0x08007e90   0x08007e90   0x00000270   Code   RO         7486    i.chassis_set_contorl  chassis_task.o
    0x08008100   0x08008100   0x00000026   Code   RO         7487    i.chassis_set_mode  chassis_task.o
    0x08008126   0x08008126   0x00000002   PAD
    0x08008128   0x08008128   0x00000048   Code   RO         7488    i.chassis_task      chassis_task.o
    0x08008170   0x08008170   0x00000054   Code   RO         7489    i.chassis_vector_to_mecanum_wheel_speed  chassis_task.o
    0x080081c4   0x080081c4   0x0000000c   Code   RO         8703    i.clear_usart6_tx_dma_busy_sign  bsp_usart.o
    0x080081d0   0x080081d0   0x00000030   Code   RO         8266    i.delay_init        bsp_delay.o
    0x08008200   0x08008200   0x00000050   Code   RO         8268    i.delay_us          bsp_delay.o
    0x08008250   0x08008250   0x0000003a   Code   RO         8898    i.fifo_s_get        fifo.o
    0x0800828a   0x0800828a   0x00000016   Code   RO         8901    i.fifo_s_init       fifo.o
    0x080082a0   0x080082a0   0x000000a0   Code   RO         8907    i.fifo_s_puts       fifo.o
    0x08008340   0x08008340   0x00000006   Code   RO         8909    i.fifo_s_used       fifo.o
    0x08008346   0x08008346   0x00000054   Code   RO         7715    i.first_order_filter_cali  user_lib.o
    0x0800839a   0x0800839a   0x00000002   PAD
    0x0800839c   0x0800839c   0x00000024   Code   RO         7716    i.first_order_filter_init  user_lib.o
    0x080083c0   0x080083c0   0x0000002a   Code   RO         7717    i.fp32_constrain    user_lib.o
    0x080083ea   0x080083ea   0x00000002   PAD
    0x080083ec   0x080083ec   0x00000034   Code   RO         8820    i.get_CRC16_check_sum  crc_crc16.o
    0x08008420   0x08008420   0x00000024   Code   RO         8821    i.get_CRC8_check_sum  crc_crc16.o
    0x08008444   0x08008444   0x00000008   Code   RO         7163    i.get_INS_angle_point  ins_task.o
    0x0800844c   0x0800844c   0x000000dc   Code   RO         7165    i.get_angle         ins_task.o
    0x08008528   0x08008528   0x00000018   Code   RO         7284    i.get_chassis_motor_measure_point  can_receive.o
    0x08008540   0x08008540   0x00000014   Code   RO         7285    i.get_fric_motor_measure_point  can_receive.o
    0x08008554   0x08008554   0x00000008   Code   RO         7166    i.get_gyro_data_point  ins_task.o
    0x0800855c   0x0800855c   0x00000008   Code   RO         7286    i.get_pitch_gimbal_motor_measure_point  can_receive.o
    0x08008564   0x08008564   0x00000008   Code   RO         7570    i.get_pitch_motor_point  gimbal_task.o
    0x0800856c   0x0800856c   0x00000008   Code   RO         7666    i.get_remote_control_point  remote_control.o
    0x08008574   0x08008574   0x0000000c   Code   RO         7852    i.get_trigger_motor_given_current  shoot.o
    0x08008580   0x08008580   0x00000008   Code   RO         7287    i.get_trigger_motor_measure_point  can_receive.o
    0x08008588   0x08008588   0x00000008   Code   RO         7288    i.get_yaw_gimbal_motor_measure_point  can_receive.o
    0x08008590   0x08008590   0x00000008   Code   RO         7571    i.get_yaw_motor_point  gimbal_task.o
    0x08008598   0x08008598   0x000000bc   Code   RO         7572    i.gimbal_PID_calc   gimbal_task.o
    0x08008654   0x08008654   0x000000f0   Code   RO         7573    i.gimbal_absolute_angle_limit  gimbal_task.o
    0x08008744   0x08008744   0x0000006a   Code   RO         7574    i.gimbal_control_loop  gimbal_task.o
    0x080087ae   0x080087ae   0x00000082   Code   RO         7575    i.gimbal_feedback_update  gimbal_task.o
    0x08008830   0x08008830   0x00000100   Code   RO         7576    i.gimbal_init       gimbal_task.o
    0x08008930   0x08008930   0x00000056   Code   RO         7577    i.gimbal_motor_absolute_angle_control  gimbal_task.o
    0x08008986   0x08008986   0x00000002   PAD
    0x08008988   0x08008988   0x00000140   Code   RO         7578    i.gimbal_set_control  gimbal_task.o
    0x08008ac8   0x08008ac8   0x00000068   Code   RO         7579    i.gimbal_set_mode   gimbal_task.o
    0x08008b30   0x08008b30   0x00000064   Code   RO         7580    i.gimbal_task       gimbal_task.o
    0x08008b94   0x08008b94   0x00000044   Code   RO         7581    i.gimbal_yaw_absolute_angle_ctrl  gimbal_task.o
    0x08008bd8   0x08008bd8   0x000000cc   Code   RO         7167    i.imu_cali_slove    ins_task.o
    0x08008ca4   0x08008ca4   0x00000168   Code   RO         7168    i.imu_cmd_spi_dma   ins_task.o
    0x08008e0c   0x08008e0c   0x0000000c   Code   RO         8474    i.imu_pwm_set       bsp_imu_pwm.o
    0x08008e18   0x08008e18   0x000000a4   Code   RO         7169    i.imu_temp_control  ins_task.o
    0x08008ebc   0x08008ebc   0x000000b8   Code   RO         7968    i.init_referee_struct_data  referee.o
    0x08008f74   0x08008f74   0x0000003c   Code   RO         7721    i.invSqrt           user_lib.o
    0x08008fb0   0x08008fb0   0x00000060   Code   RO         7722    i.loop_fp32_constrain  user_lib.o
    0x08009010   0x08009010   0x0000007c   Code   RO           15    i.main              main.o
    0x0800908c   0x0800908c   0x0000000e   Code   RO         6331    i.makeFreeRtosPriority  cmsis_os.o
    0x0800909a   0x0800909a   0x00000002   PAD
    0x0800909c   0x0800909c   0x00000034   Code   RO         7582    i.motor_ecd_to_angle_change  gimbal_task.o
    0x080090d0   0x080090d0   0x0000001a   Code   RO         7854    i.my_abs            shoot.o
    0x080090ea   0x080090ea   0x00000018   Code   RO         6333    i.osDelay           cmsis_os.o
    0x08009102   0x08009102   0x0000000a   Code   RO         6336    i.osKernelStart     cmsis_os.o
    0x0800910c   0x0800910c   0x0000005e   Code   RO         6370    i.osThreadCreate    cmsis_os.o
    0x0800916a   0x0800916a   0x00000002   PAD
    0x0800916c   0x0800916c   0x00000030   Code   RO         5828    i.pcTaskGetName     tasks.o
    0x0800919c   0x0800919c   0x000000a4   Code   RO         5829    i.prvAddCurrentTaskToDelayedList  tasks.o
    0x08009240   0x08009240   0x000000b4   Code   RO         5830    i.prvAddNewTaskToReadyList  tasks.o
    0x080092f4   0x080092f4   0x00000074   Code   RO         6178    i.prvCheckForValidListAndQueue  timers.o
    0x08009368   0x08009368   0x00000048   Code   RO         5831    i.prvCheckTasksWaitingTermination  tasks.o
    0x080093b0   0x080093b0   0x0000002a   Code   RO         5485    i.prvCopyDataFromQueue  queue.o
    0x080093da   0x080093da   0x0000007c   Code   RO         5486    i.prvCopyDataToQueue  queue.o
    0x08009456   0x08009456   0x00000050   Code   RO         5832    i.prvDeleteTCB      tasks.o
    0x080094a6   0x080094a6   0x00000002   PAD
    0x080094a8   0x080094a8   0x00000028   Code   RO         6179    i.prvGetNextExpireTime  timers.o
    0x080094d0   0x080094d0   0x0000007c   Code   RO         6710    i.prvHeapInit       heap_4.o
    0x0800954c   0x0800954c   0x00000028   Code   RO         5833    i.prvIdleTask       tasks.o
    0x08009574   0x08009574   0x00000026   Code   RO         5489    i.prvInitialiseNewQueue  queue.o
    0x0800959a   0x0800959a   0x000000b8   Code   RO         5834    i.prvInitialiseNewTask  tasks.o
    0x08009652   0x08009652   0x00000002   PAD
    0x08009654   0x08009654   0x00000068   Code   RO         5835    i.prvInitialiseTaskLists  tasks.o
    0x080096bc   0x080096bc   0x00000068   Code   RO         6711    i.prvInsertBlockIntoFreeList  heap_4.o
    0x08009724   0x08009724   0x00000058   Code   RO         6181    i.prvInsertTimerInActiveList  timers.o
    0x0800977c   0x0800977c   0x0000001a   Code   RO         5490    i.prvIsQueueEmpty   queue.o
    0x08009796   0x08009796   0x0000001e   Code   RO         5491    i.prvIsQueueFull    queue.o
    0x080097b4   0x080097b4   0x00000064   Code   RO         6182    i.prvProcessExpiredTimer  timers.o
    0x08009818   0x08009818   0x00000128   Code   RO         6183    i.prvProcessReceivedCommands  timers.o
    0x08009940   0x08009940   0x00000074   Code   RO         6184    i.prvProcessTimerOrBlockTask  timers.o
    0x080099b4   0x080099b4   0x00000034   Code   RO         5836    i.prvResetNextTaskUnblockTime  tasks.o
    0x080099e8   0x080099e8   0x0000002c   Code   RO         6185    i.prvSampleTimeNow  timers.o
    0x08009a14   0x08009a14   0x0000009e   Code   RO         5837    i.prvSearchForNameWithinSingleList  tasks.o
    0x08009ab2   0x08009ab2   0x00000002   PAD
    0x08009ab4   0x08009ab4   0x000000a0   Code   RO         6186    i.prvSwitchTimerLists  timers.o
    0x08009b54   0x08009b54   0x00000040   Code   RO         6760    i.prvTaskExitError  port.o
    0x08009b94   0x08009b94   0x0000001a   Code   RO         6187    i.prvTimerTask      timers.o
    0x08009bae   0x08009bae   0x0000007e   Code   RO         5492    i.prvUnlockQueue    queue.o
    0x08009c2c   0x08009c2c   0x0000013c   Code   RO         6712    i.pvPortMalloc      heap_4.o
    0x08009d68   0x08009d68   0x0000002c   Code   RO         6761    i.pxPortInitialiseStack  port.o
    0x08009d94   0x08009d94   0x0000002c   Code   RO         7724    i.ramp_init         user_lib.o
    0x08009dc0   0x08009dc0   0x00000180   Code   RO         7969    i.referee_data_solve  referee.o
    0x08009f40   0x08009f40   0x0000014c   Code   RO         8056    i.referee_unpack_fifo_data  referee_task.o
    0x0800a08c   0x0800a08c   0x00000038   Code   RO         8057    i.referee_usart_task  referee_task.o
    0x0800a0c4   0x0800a0c4   0x00000014   Code   RO         7667    i.remote_control_init  remote_control.o
    0x0800a0d8   0x0800a0d8   0x000000da   Code   RO         7668    i.sbus_to_rc        remote_control.o
    0x0800a1b2   0x0800a1b2   0x00000002   PAD
    0x0800a1b4   0x0800a1b4   0x00000094   Code   RO         7856    i.shoot_bullet_control  shoot.o
    0x0800a248   0x0800a248   0x000001e4   Code   RO         7857    i.shoot_feedback_update  shoot.o
    0x0800a42c   0x0800a42c   0x0000010c   Code   RO         7858    i.shoot_init        shoot.o
    0x0800a538   0x0800a538   0x0000028c   Code   RO         7859    i.shoot_set_contorl  shoot.o
    0x0800a7c4   0x0800a7c4   0x00000130   Code   RO         7860    i.shoot_set_mode    shoot.o
    0x0800a8f4   0x0800a8f4   0x0000009c   Code   RO         7861    i.shoot_speed_to_fric_speed  shoot.o
    0x0800a990   0x0800a990   0x0000003c   Code   RO         7862    i.shoot_task        shoot.o
    0x0800a9cc   0x0800a9cc   0x0000003e   Code   RO         9501    i.sqrtf             m_wm.l(sqrtf_full.o)
    0x0800aa0a   0x0800aa0a   0x0000000a   Code   RO          293    i.test_task         freertos.o
    0x0800aa14   0x0800aa14   0x000000b0   Code   RO         7863    i.trigger_motor_turn_back  shoot.o
    0x0800aac4   0x0800aac4   0x00000074   Code   RO         5841    i.ulTaskNotifyTake  tasks.o
    0x0800ab38   0x0800ab38   0x00000138   Code   RO         8708    i.usart6_init       bsp_usart.o
    0x0800ac70   0x0800ac70   0x00000028   Code   RO         5445    i.uxListRemove      list.o
    0x0800ac98   0x0800ac98   0x00000018   Code   RO          294    i.vApplicationGetIdleTaskMemory  freertos.o
    0x0800acb0   0x0800acb0   0x00000018   Code   RO          295    i.vApplicationGetTimerTaskMemory  freertos.o
    0x0800acc8   0x0800acc8   0x0000001a   Code   RO         5446    i.vListInitialise   list.o
    0x0800ace2   0x0800ace2   0x00000006   Code   RO         5447    i.vListInitialiseItem  list.o
    0x0800ace8   0x0800ace8   0x00000034   Code   RO         5448    i.vListInsert       list.o
    0x0800ad1c   0x0800ad1c   0x00000018   Code   RO         5449    i.vListInsertEnd    list.o
    0x0800ad34   0x0800ad34   0x00000054   Code   RO         6763    i.vPortEnterCritical  port.o
    0x0800ad88   0x0800ad88   0x0000003c   Code   RO         6764    i.vPortExitCritical  port.o
    0x0800adc4   0x0800adc4   0x00000094   Code   RO         6713    i.vPortFree         heap_4.o
    0x0800ae58   0x0800ae58   0x00000028   Code   RO         6765    i.vPortSetupTimerInterrupt  port.o
    0x0800ae80   0x0800ae80   0x00000078   Code   RO         6766    i.vPortValidateInterruptPriority  port.o
    0x0800aef8   0x0800aef8   0x0000002c   Code   RO         5496    i.vQueueAddToRegistry  queue.o
    0x0800af24   0x0800af24   0x0000004a   Code   RO         5499    i.vQueueWaitForMessageRestricted  queue.o
    0x0800af6e   0x0800af6e   0x00000002   PAD
    0x0800af70   0x0800af70   0x0000005c   Code   RO         5847    i.vTaskDelay        tasks.o
    0x0800afcc   0x0800afcc   0x00000018   Code   RO         5851    i.vTaskInternalSetTimeOutState  tasks.o
    0x0800afe4   0x0800afe4   0x0000000c   Code   RO         5852    i.vTaskMissedYield  tasks.o
    0x0800aff0   0x0800aff0   0x000000f0   Code   RO         5853    i.vTaskNotifyGiveFromISR  tasks.o
    0x0800b0e0   0x0800b0e0   0x00000038   Code   RO         5854    i.vTaskPlaceOnEventList  tasks.o
    0x0800b118   0x0800b118   0x00000040   Code   RO         5855    i.vTaskPlaceOnEventListRestricted  tasks.o
    0x0800b158   0x0800b158   0x000000b8   Code   RO         5862    i.vTaskStartScheduler  tasks.o
    0x0800b210   0x0800b210   0x00000010   Code   RO         5864    i.vTaskSuspendAll   tasks.o
    0x0800b220   0x0800b220   0x0000008c   Code   RO         5865    i.vTaskSwitchContext  tasks.o
    0x0800b2ac   0x0800b2ac   0x00000040   Code   RO         8822    i.verify_CRC16_check_sum  crc_crc16.o
    0x0800b2ec   0x0800b2ec   0x0000002e   Code   RO         8823    i.verify_CRC8_check_sum  crc_crc16.o
    0x0800b31a   0x0800b31a   0x00000002   PAD
    0x0800b31c   0x0800b31c   0x00000168   Code   RO         6767    i.xPortStartScheduler  port.o
    0x0800b484   0x0800b484   0x00000034   Code   RO         6768    i.xPortSysTickHandler  port.o
    0x0800b4b8   0x0800b4b8   0x000000de   Code   RO         5503    i.xQueueGenericCreateStatic  queue.o
    0x0800b596   0x0800b596   0x00000002   PAD
    0x0800b598   0x0800b598   0x00000098   Code   RO         5504    i.xQueueGenericReset  queue.o
    0x0800b630   0x0800b630   0x000001a8   Code   RO         5505    i.xQueueGenericSend  queue.o
    0x0800b7d8   0x0800b7d8   0x000000f8   Code   RO         5506    i.xQueueGenericSendFromISR  queue.o
    0x0800b8d0   0x0800b8d0   0x00000168   Code   RO         5514    i.xQueueReceive     queue.o
    0x0800ba38   0x0800ba38   0x000000a8   Code   RO         5867    i.xTaskCheckForTimeOut  tasks.o
    0x0800bae0   0x0800bae0   0x00000064   Code   RO         5868    i.xTaskCreate       tasks.o
    0x0800bb44   0x0800bb44   0x000000b8   Code   RO         5869    i.xTaskCreateStatic  tasks.o
    0x0800bbfc   0x0800bbfc   0x000000a4   Code   RO         5873    i.xTaskGetHandle    tasks.o
    0x0800bca0   0x0800bca0   0x00000020   Code   RO         5874    i.xTaskGetSchedulerState  tasks.o
    0x0800bcc0   0x0800bcc0   0x0000000c   Code   RO         5875    i.xTaskGetTickCount  tasks.o
    0x0800bccc   0x0800bccc   0x00000148   Code   RO         5877    i.xTaskIncrementTick  tasks.o
    0x0800be14   0x0800be14   0x000000c8   Code   RO         5880    i.xTaskPriorityDisinherit  tasks.o
    0x0800bedc   0x0800bedc   0x00000098   Code   RO         5882    i.xTaskRemoveFromEventList  tasks.o
    0x0800bf74   0x0800bf74   0x00000104   Code   RO         5883    i.xTaskResumeAll    tasks.o
    0x0800c078   0x0800c078   0x00000078   Code   RO         6192    i.xTimerCreateTimerTask  timers.o
    0x0800c0f0   0x0800c0f0   0x00000084   Code   RO         6193    i.xTimerGenericCommand  timers.o
    0x0800c174   0x0800c174   0x000002c4   Code   RO         9343    x$fpl$d2f           g_wm.l(d2f_clz.o)
    0x0800c438   0x0800c438   0x00000018   Code   RO         9460    x$fpl$dcmpinf       g_wm.l(dcmpi.o)
    0x0800c450   0x0800c450   0x0000001a   Code   RO         9464    x$fpl$dfltn         g_wm.l(dflt_clz.o)
    0x0800c46a   0x0800c46a   0x00000002   PAD
    0x0800c46c   0x0800c46c   0x00000078   Code   RO         9345    x$fpl$dleqf         g_wm.l(dleqf.o)
    0x0800c4e4   0x0800c4e4   0x00000102   Code   RO         9468    x$fpl$dnaninf       g_wm.l(dnaninf.o)
    0x0800c5e6   0x0800c5e6   0x00000070   Code   RO         9592    x$fpl$drenorm       g_wm.l(drenorm_clz.o)
    0x0800c656   0x0800c656   0x0000000c   Code   RO         9470    x$fpl$dretinf       g_wm.l(dretinf.o)
    0x0800c662   0x0800c662   0x0000017a   Code   RO         9557    x$fpl$dunder        g_wm.l(dunder_clz.o)
    0x0800c7dc   0x0800c7dc   0x000001ec   Code   RO         9472    x$fpl$exception     g_wm.l(except.o)
    0x0800c9c8   0x0800c9c8   0x0000007a   Code   RO         9347    x$fpl$f2d           g_wm.l(f2d.o)
    0x0800ca42   0x0800ca42   0x000000f2   Code   RO         9474    x$fpl$fnaninf       g_wm.l(fnaninf.o)
    0x0800cb34   0x0800cb34   0x0000000a   Code   RO         9559    x$fpl$fpinit        g_wm.l(fpinit.o)
    0x0800cb3e   0x0800cb3e   0x0000000a   Code   RO         9476    x$fpl$fretinf       g_wm.l(fretinf.o)
    0x0800cb48   0x0800cb48   0x0000013c   Code   RO         9478    x$fpl$funder        g_wm.l(funder_clz.o)
    0x0800cc84   0x0800cc84   0x000000b2   Code   RO         9561    x$fpl$retnan        g_wm.l(retnan.o)
    0x0800cd36   0x0800cd36   0x0000007e   Code   RO         9480    x$fpl$trapveneer    g_wm.l(trapv.o)
    0x0800cdb4   0x0800cdb4   0x00000000   Code   RO         9482    x$fpl$usenofp       g_wm.l(usenofp.o)
    0x0800cdb4   0x0800cdb4   0x000000a8   Data   RO          297    .constdata          freertos.o
    0x0800ce5c   0x0800ce5c   0x00000008   Data   RO         1813    .constdata          stm32f4xx_hal_dma.o
    0x0800ce64   0x0800ce64   0x00000018   Data   RO         5309    .constdata          system_stm32f4xx.o
    0x0800ce7c   0x0800ce7c   0x00000012   Data   RO         6857    .constdata          bmi088driver.o
    0x0800ce8e   0x0800ce8e   0x00000002   PAD
    0x0800ce90   0x0800ce90   0x00000024   Data   RO         7171    .constdata          ins_task.o
    0x0800ceb4   0x0800ceb4   0x00000024   Data   RO         7491    .constdata          chassis_task.o
    0x0800ced8   0x0800ced8   0x00000030   Data   RO         7584    .constdata          gimbal_task.o
    0x0800cf08   0x0800cf08   0x00000024   Data   RO         7865    .constdata          shoot.o
    0x0800cf2c   0x0800cf2c   0x00000302   Data   RO         8824    .constdata          crc_crc16.o
    0x0800d22e   0x0800d22e   0x00000002   PAD
    0x0800d230   0x0800d230   0x00000804   Data   RO         9236    .constdata          arm_cortexM4lf_math.lib(arm_common_tables.o)
    0x0800da34   0x0800da34   0x00000039   Data   RO          298    .conststring        freertos.o
    0x0800da6d   0x0800da6d   0x00000003   PAD
    0x0800da70   0x0800da70   0x00000020   Data   RO         9652    Region$$Table       anon$$obj.o


    Execution Region RW_IRAM1 (Exec base: 0x20000000, Load base: 0x0800da90, Size: 0x0000c470, Max: 0x0001c000, ABSOLUTE, COMPRESSED[0x00000060])

    Exec Addr    Load Addr    Size         Type   Attr      Idx    E Section Name        Object

    0x20000000   COMPRESSED   0x00000018   Data   RW          299    .data               freertos.o
    0x20000018   COMPRESSED   0x00000004   Data   RW          434    .data               can.o
    0x2000001c   COMPRESSED   0x00000008   Data   RW          481    .data               crc.o
    0x20000024   COMPRESSED   0x00000009   Data   RW         2245    .data               stm32f4xx_hal.o
    0x2000002d   COMPRESSED   0x00000003   PAD
    0x20000030   COMPRESSED   0x00000004   Data   RW         5310    .data               system_stm32f4xx.o
    0x20000034   COMPRESSED   0x0000003c   Data   RW         5886    .data               tasks.o
    0x20000070   COMPRESSED   0x00000014   Data   RW         6201    .data               timers.o
    0x20000084   COMPRESSED   0x00000018   Data   RW         6718    .data               heap_4.o
    0x2000009c   COMPRESSED   0x0000000c   Data   RW         6769    .data               port.o
    0x200000a8   COMPRESSED   0x0000002d   Data   RW         6858    .data               bmi088driver.o
    0x200000d5   COMPRESSED   0x00000003   PAD
    0x200000d8   COMPRESSED   0x00000094   Data   RW         7172    .data               ins_task.o
    0x2000016c   COMPRESSED   0x00000024   Data   RW         7290    .data               can_receive.o
    0x20000190   COMPRESSED   0x00000014   Data   RW         7585    .data               gimbal_task.o
    0x200001a4   COMPRESSED   0x00000002   Data   RW         7670    .data               remote_control.o
    0x200001a6   COMPRESSED   0x00000002   PAD
    0x200001a8   COMPRESSED   0x0000000d   Data   RW         7866    .data               shoot.o
    0x200001b5   COMPRESSED   0x00000026   Data   RW         7971    .data               referee.o
    0x200001db   COMPRESSED   0x00000001   PAD
    0x200001dc   COMPRESSED   0x00000002   Data   RW         8059    .data               referee_task.o
    0x200001de   COMPRESSED   0x00000002   PAD
    0x200001e0   COMPRESSED   0x00000008   Data   RW         8269    .data               bsp_delay.o
    0x200001e8   COMPRESSED   0x00000001   Data   RW         8710    .data               bsp_usart.o
    0x200001e9   COMPRESSED   0x00000001   PAD
    0x200001ea   COMPRESSED   0x00000002   Data   RW         8825    .data               crc_crc16.o
    0x200001ec        -       0x000006a8   Zero   RW          296    .bss                freertos.o
    0x20000894        -       0x00000090   Zero   RW          385    .bss                adc.o
    0x20000924        -       0x00000050   Zero   RW          433    .bss                can.o
    0x20000974        -       0x0000015c   Zero   RW          549    .bss                i2c.o
    0x20000ad0        -       0x00000010   Zero   RW          601    .bss                rng.o
    0x20000ae0        -       0x00000020   Zero   RW          643    .bss                rtc.o
    0x20000b00        -       0x00000170   Zero   RW          686    .bss                spi.o
    0x20000c70        -       0x00000180   Zero   RW          739    .bss                tim.o
    0x20000df0        -       0x000002a0   Zero   RW          813    .bss                usart.o
    0x20001090        -       0x00000040   Zero   RW         5517    .bss                queue.o
    0x200010d0        -       0x000000f0   Zero   RW         5885    .bss                tasks.o
    0x200011c0        -       0x00000110   Zero   RW         6200    .bss                timers.o
    0x200012d0        -       0x00006000   Zero   RW         6717    .bss                heap_4.o
    0x200072d0        -       0x000000ec   Zero   RW         7170    .bss                ins_task.o
    0x200073bc        -       0x000000bc   Zero   RW         7289    .bss                can_receive.o
    0x20007478        -       0x00000264   Zero   RW         7490    .bss                chassis_task.o
    0x200076dc        -       0x00000258   Zero   RW         7583    .bss                gimbal_task.o
    0x20007934        -       0x0000005e   Zero   RW         7669    .bss                remote_control.o
    0x20007992   COMPRESSED   0x00000002   PAD
    0x20007994        -       0x00000174   Zero   RW         7864    .bss                shoot.o
    0x20007b08        -       0x00000061   Zero   RW         7970    .bss                referee.o
    0x20007b69   COMPRESSED   0x00000003   PAD
    0x20007b6c        -       0x000008a1   Zero   RW         8058    .bss                referee_task.o
    0x2000840d   COMPRESSED   0x00000003   PAD
    0x20008410        -       0x00000060   Zero   RW         9514    .bss                c_w.l(libspace.o)
    0x20008470        -       0x00002000   Zero   RW            2    HEAP                startup_stm32f407xx.o
    0x2000a470        -       0x00002000   Zero   RW            1    STACK               startup_stm32f407xx.o


    Execution Region RW_IRAM2 (Exec base: 0x2001c000, Load base: 0x0800daf0, Size: 0x00000000, Max: 0x00004000, ABSOLUTE)

    **** No section assigned to this execution region ****


==============================================================================

Image component sizes


      Code (inc. data)   RO Data    RW Data    ZI Data      Debug   Object Name

       396         42          0          0        144       2358   adc.o
      2350         44         18         45          0     590855   bmi088driver.o
       140         28          0          0          0      10332   bmi088middleware.o
        92          8          0          0          0        586   bsp_can.o
       128         20          0          8          0       1328   bsp_delay.o
       124         14          0          0          0        514   bsp_i2c.o
        12          4          0          0          0        498   bsp_imu_pwm.o
       156         14          0          0          0       1006   bsp_rc.o
       712         40          0          0          0       1438   bsp_spi.o
       344         34          0          1          0       2457   bsp_usart.o
       488         44          0          4         80       2426   can.o
       916         94          0         36        188     600495   can_receive.o
      2466        146         36          0        612      16709   chassis_task.o
       142          0          0          0          0      22047   cmsis_os.o
        84         18          0          8          0       1491   crc.o
       198         16        770          2          0       3625   crc_crc16.o
       200          6          0          0          0        854   dma.o
         0          0          0          0          0      17856   event_groups.o
       258          0          0          0          0       9099   fifo.o
       238         48        225         24       1704       3784   freertos.o
      1666        142         48         20        600       9377   gimbal_task.o
       596         30          0          0          0       1323   gpio.o
       692         62          0         24      24576       4819   heap_4.o
       680         78          0          0        348       3104   i2c.o
      2868        294         36        148        236      12931   ins_task.o
       148          0          0          0          0       3610   list.o
       310         10          0          0          0     775612   main.o
      1204         24          0          0          0       3430   pid.o
      1014         92          0         12          0      12129   port.o
      1910         20          0          0         64      14744   queue.o
       568        140          0         38         97       7639   referee.o
       680         52          0          2       2209       3856   referee_task.o
       538         36          0          2         94       3099   remote_control.o
        84         18          0          0         16       1491   rng.o
       116         22          0          0         32       1531   rtc.o
      2286        166         36         13        372      10412   shoot.o
       604         54          0          0        368       2592   spi.o
        64         26        392          0      16384        844   startup_stm32f407xx.o
       172         32          0          9          0       3965   stm32f4xx_hal.o
       852         28          0          0          0       2775   stm32f4xx_hal_adc.o
      2136          6          0          0          0      14459   stm32f4xx_hal_can.o
       304         22          0          0          0      34507   stm32f4xx_hal_cortex.o
        36          0          0          0          0       1055   stm32f4xx_hal_crc.o
      1074         16          8          0          0       4587   stm32f4xx_hal_dma.o
       552         50          0          0          0       2975   stm32f4xx_hal_gpio.o
       440         18          0          0          0       2047   stm32f4xx_hal_i2c.o
        84          6          0          0          0        850   stm32f4xx_hal_msp.o
      1732         84          0          0          0       5584   stm32f4xx_hal_rcc.o
       416         20          0          0          0       1424   stm32f4xx_hal_rcc_ex.o
        52          0          0          0          0       1083   stm32f4xx_hal_rng.o
       336          4          0          0          0       2644   stm32f4xx_hal_rtc.o
       902          0          0          0          0       4445   stm32f4xx_hal_spi.o
      1408         82          0          0          0      10846   stm32f4xx_hal_tim.o
       200          0          0          0          0       2128   stm32f4xx_hal_tim_ex.o
      1676         12          0          0          0       7305   stm32f4xx_hal_uart.o
       194         42          0          0          0       8761   stm32f4xx_it.o
         0          0          0          0          0        392   stream_buffer.o
       100         18         24          4          0       1179   system_stm32f4xx.o
      3626        412          0         60        240      29495   tasks.o
      1968        138          0          0        384       6787   tim.o
      1238        124          0         20        272      27183   timers.o
      1016         94          0          0        672       3583   usart.o
       410         12          0          0          0       4941   user_lib.o

    ----------------------------------------------------------------------
     46450       3106       1632        492      49700    2347301   Object Totals
         0          0         32          0          0          0   (incl. Generated)
        54          0          7         12          8          0   (incl. Padding)

    ----------------------------------------------------------------------

      Code (inc. data)   RO Data    RW Data    ZI Data      Debug   Library Member Name

         0          0       2052          0          0       4636   arm_common_tables.o
       120         12          0          0          0      16970   arm_cos_f32.o
       116         12          0          0          0        658   arm_sin_f32.o
        90          0          0          0          0          0   __dczerorl2.o
         8          0          0          0          0         68   __main.o
         0          0          0          0          0          0   __rtentry.o
        12          0          0          0          0          0   __rtentry2.o
         6          0          0          0          0          0   __rtentry4.o
        52          8          0          0          0          0   __scatter.o
        28          0          0          0          0          0   __scatter_zi.o
        48          4          0          0          0         84   _fptrap.o
        22          0          0          0          0        100   _rserrno.o
        16          0          0          0          0         68   aeabi_memset.o
        10          0          0          0          0         68   defsig_exit.o
       172        110          0          0          0         76   defsig_fpe_inner.o
        14          0          0          0          0         80   defsig_fpe_outer.o
        50          0          0          0          0         88   defsig_general.o
        18          0          0          0          0         80   exit.o
         6          0          0          0          0        152   heapauxi.o
         0          0          0          0          0          0   indicate_semi.o
         2          0          0          0          0          0   libinit.o
         6          0          0          0          0          0   libinit2.o
         2          0          0          0          0          0   libshutdown.o
         2          0          0          0          0          0   libshutdown2.o
         8          4          0          0         96         68   libspace.o
       238          0          0          0          0        100   lludivv7m.o
         8          4          0          0          0         68   rt_errno_addr_intlibspace.o
        68          0          0          0          0         68   rt_memclr.o
        78          0          0          0          0         80   rt_memclr_w.o
       138          0          0          0          0         68   rt_memcpy_v6.o
       100          0          0          0          0         80   rt_memcpy_w.o
         2          0          0          0          0          0   rtexit.o
        10          0          0          0          0          0   rtexit2.o
        62          0          0          0          0         76   strlen.o
        12          4          0          0          0         68   sys_exit.o
        74          0          0          0          0         80   sys_stackheap_outer.o
        14          0          0          0          0         76   sys_wrch.o
         2          0          0          0          0         68   use_no_semi.o
       708         16          0          0          0        140   d2f_clz.o
        24          0          0          0          0        116   dcmpi.o
        26          0          0          0          0        116   dflt_clz.o
       120          8          0          0          0        140   dleqf.o
       258          4          0          0          0        156   dnaninf.o
       112          0          0          0          0        160   drenorm_clz.o
        12          0          0          0          0        116   dretinf.o
       378          0          0          0          0        168   dunder_clz.o
       492         36          0          0          0        148   except.o
       122          8          0          0          0        132   f2d.o
       242          4          0          0          0        144   fnaninf.o
        10          0          0          0          0        116   fpinit.o
        10          0          0          0          0        116   fretinf.o
       316          0          0          0          0        132   funder_clz.o
       178          0          0          0          0        116   retnan.o
       126          0          0          0          0        148   trapv.o
         0          0          0          0          0          0   usenofp.o
       300         42          0          0          0        176   asinf.o
       592         90          0          0          0        184   atan2f.o
        20          0          0          0          0        124   fabs.o
        38          0          0          0          0        116   fpclassifyf.o
        44         12          0          0          0        464   funder.o
        62          0          0          0          0        136   sqrtf_full.o

    ----------------------------------------------------------------------
      5818        378       2052          0         96      27392   Library Totals
        14          0          0          0          0          0   (incl. Padding)

    ----------------------------------------------------------------------

      Code (inc. data)   RO Data    RW Data    ZI Data      Debug   Library Name

       236         24       2052          0          0      22264   arm_cortexM4lf_math.lib
      1378        134          0          0         96       1764   c_w.l
      3134         76          0          0          0       2164   g_wm.l
      1056        144          0          0          0       1200   m_wm.l

    ----------------------------------------------------------------------
      5818        378       2052          0         96      27392   Library Totals

    ----------------------------------------------------------------------

==============================================================================


      Code (inc. data)   RO Data    RW Data    ZI Data      Debug   

     52268       3484       3684        492      49796    2339557   Grand Totals
     52268       3484       3684         96      49796    2339557   ELF Image Totals (compressed)
     52268       3484       3684         96          0          0   ROM Totals

==============================================================================

    Total RO  Size (Code + RO Data)                55952 (  54.64kB)
    Total RW  Size (RW Data + ZI Data)             50288 (  49.11kB)
    Total ROM Size (Code + RO Data + RW Data)      56048 (  54.73kB)

==============================================================================

